<?xml version="1.0"?>
<link_info>
   <banner>TI ARM Linker PC v5.2.2</banner>
   <copyright>Copyright (c) 1996-2015 Texas Instruments Incorporated</copyright>
   <link_time>0x5ca0cc0e</link_time>
   <link_errors>0x0</link_errors>
   <output_file>CloudAquarium.out</output_file>
   <entry_point>
      <name>_c_int00</name>
      <address>0x20014a25</address>
   </entry_point>
   <input_file_list>
      <input_file id="fl-2">
         <path>.\</path>
         <kind>object</kind>
         <file>adc_userinput.obj</file>
         <name>adc_userinput.obj</name>
      </input_file>
      <input_file id="fl-3">
         <path>.\</path>
         <kind>object</kind>
         <file>button_if.obj</file>
         <name>button_if.obj</name>
      </input_file>
      <input_file id="fl-4">
         <path>.\</path>
         <kind>object</kind>
         <file>gpio_if.obj</file>
         <name>gpio_if.obj</name>
      </input_file>
      <input_file id="fl-5">
         <path>.\</path>
         <kind>object</kind>
         <file>main.obj</file>
         <name>main.obj</name>
      </input_file>
      <input_file id="fl-6">
         <path>.\</path>
         <kind>object</kind>
         <file>network_common.obj</file>
         <name>network_common.obj</name>
      </input_file>
      <input_file id="fl-7">
         <path>.\</path>
         <kind>object</kind>
         <file>network_if.obj</file>
         <name>network_if.obj</name>
      </input_file>
      <input_file id="fl-8">
         <path>.\</path>
         <kind>object</kind>
         <file>ph.obj</file>
         <name>ph.obj</name>
      </input_file>
      <input_file id="fl-9">
         <path>.\</path>
         <kind>object</kind>
         <file>pinmux.obj</file>
         <name>pinmux.obj</name>
      </input_file>
      <input_file id="fl-a">
         <path>.\</path>
         <kind>object</kind>
         <file>startup_ccs.obj</file>
         <name>startup_ccs.obj</name>
      </input_file>
      <input_file id="fl-b">
         <path>.\</path>
         <kind>object</kind>
         <file>temp.obj</file>
         <name>temp.obj</name>
      </input_file>
      <input_file id="fl-c">
         <path>.\</path>
         <kind>object</kind>
         <file>timer_if.obj</file>
         <name>timer_if.obj</name>
      </input_file>
      <input_file id="fl-d">
         <path>.\</path>
         <kind>object</kind>
         <file>uart_if.obj</file>
         <name>uart_if.obj</name>
      </input_file>
      <input_file id="fl-137">
         <path>C:\TI\ccs_v6\ccsv6\tools\compiler\ti-cgt-arm_5.2.2\lib\</path>
         <kind>archive</kind>
         <file>rtsv7M4_T_le_eabi.lib</file>
         <name>boot.obj</name>
      </input_file>
      <input_file id="fl-138">
         <path>C:\TI\ccs_v6\ccsv6\tools\compiler\ti-cgt-arm_5.2.2\lib\</path>
         <kind>archive</kind>
         <file>rtsv7M4_T_le_eabi.lib</file>
         <name>copy_decompress_none.obj</name>
      </input_file>
      <input_file id="fl-139">
         <path>C:\TI\ccs_v6\ccsv6\tools\compiler\ti-cgt-arm_5.2.2\lib\</path>
         <kind>archive</kind>
         <file>rtsv7M4_T_le_eabi.lib</file>
         <name>copy_decompress_rle.obj</name>
      </input_file>
      <input_file id="fl-13a">
         <path>C:\TI\ccs_v6\ccsv6\tools\compiler\ti-cgt-arm_5.2.2\lib\</path>
         <kind>archive</kind>
         <file>rtsv7M4_T_le_eabi.lib</file>
         <name>copy_zero_init.obj</name>
      </input_file>
      <input_file id="fl-13b">
         <path>C:\TI\ccs_v6\ccsv6\tools\compiler\ti-cgt-arm_5.2.2\lib\</path>
         <kind>archive</kind>
         <file>rtsv7M4_T_le_eabi.lib</file>
         <name>exit.obj</name>
      </input_file>
      <input_file id="fl-13c">
         <path>C:\TI\ccs_v6\ccsv6\tools\compiler\ti-cgt-arm_5.2.2\lib\</path>
         <kind>archive</kind>
         <file>rtsv7M4_T_le_eabi.lib</file>
         <name>fd_add_t2.obj</name>
      </input_file>
      <input_file id="fl-13d">
         <path>C:\TI\ccs_v6\ccsv6\tools\compiler\ti-cgt-arm_5.2.2\lib\</path>
         <kind>archive</kind>
         <file>rtsv7M4_T_le_eabi.lib</file>
         <name>fd_div_t2.obj</name>
      </input_file>
      <input_file id="fl-13e">
         <path>C:\TI\ccs_v6\ccsv6\tools\compiler\ti-cgt-arm_5.2.2\lib\</path>
         <kind>archive</kind>
         <file>rtsv7M4_T_le_eabi.lib</file>
         <name>fd_mul_t2.obj</name>
      </input_file>
      <input_file id="fl-13f">
         <path>C:\TI\ccs_v6\ccsv6\tools\compiler\ti-cgt-arm_5.2.2\lib\</path>
         <kind>archive</kind>
         <file>rtsv7M4_T_le_eabi.lib</file>
         <name>fd_tos_t2.obj</name>
      </input_file>
      <input_file id="fl-140">
         <path>C:\TI\ccs_v6\ccsv6\tools\compiler\ti-cgt-arm_5.2.2\lib\</path>
         <kind>archive</kind>
         <file>rtsv7M4_T_le_eabi.lib</file>
         <name>fs_mul_t2.obj</name>
      </input_file>
      <input_file id="fl-141">
         <path>C:\TI\ccs_v6\ccsv6\tools\compiler\ti-cgt-arm_5.2.2\lib\</path>
         <kind>archive</kind>
         <file>rtsv7M4_T_le_eabi.lib</file>
         <name>fs_tod_t2.obj</name>
      </input_file>
      <input_file id="fl-142">
         <path>C:\TI\ccs_v6\ccsv6\tools\compiler\ti-cgt-arm_5.2.2\lib\</path>
         <kind>archive</kind>
         <file>rtsv7M4_T_le_eabi.lib</file>
         <name>fs_toi_t2.obj</name>
      </input_file>
      <input_file id="fl-143">
         <path>C:\TI\ccs_v6\ccsv6\tools\compiler\ti-cgt-arm_5.2.2\lib\</path>
         <kind>archive</kind>
         <file>rtsv7M4_T_le_eabi.lib</file>
         <name>memcpy_t2.obj</name>
      </input_file>
      <input_file id="fl-144">
         <path>C:\TI\ccs_v6\ccsv6\tools\compiler\ti-cgt-arm_5.2.2\lib\</path>
         <kind>archive</kind>
         <file>rtsv7M4_T_le_eabi.lib</file>
         <name>memmov.obj</name>
      </input_file>
      <input_file id="fl-145">
         <path>C:\TI\ccs_v6\ccsv6\tools\compiler\ti-cgt-arm_5.2.2\lib\</path>
         <kind>archive</kind>
         <file>rtsv7M4_T_le_eabi.lib</file>
         <name>memory.obj</name>
      </input_file>
      <input_file id="fl-146">
         <path>C:\TI\ccs_v6\ccsv6\tools\compiler\ti-cgt-arm_5.2.2\lib\</path>
         <kind>archive</kind>
         <file>rtsv7M4_T_le_eabi.lib</file>
         <name>memset_t2.obj</name>
      </input_file>
      <input_file id="fl-147">
         <path>C:\TI\ccs_v6\ccsv6\tools\compiler\ti-cgt-arm_5.2.2\lib\</path>
         <kind>archive</kind>
         <file>rtsv7M4_T_le_eabi.lib</file>
         <name>pre_init.obj</name>
      </input_file>
      <input_file id="fl-148">
         <path>C:\TI\ccs_v6\ccsv6\tools\compiler\ti-cgt-arm_5.2.2\lib\</path>
         <kind>archive</kind>
         <file>rtsv7M4_T_le_eabi.lib</file>
         <name>stkdepth_vars.obj</name>
      </input_file>
      <input_file id="fl-149">
         <path>C:\TI\ccs_v6\ccsv6\tools\compiler\ti-cgt-arm_5.2.2\lib\</path>
         <kind>archive</kind>
         <file>rtsv7M4_T_le_eabi.lib</file>
         <name>strchr.obj</name>
      </input_file>
      <input_file id="fl-14a">
         <path>C:\TI\ccs_v6\ccsv6\tools\compiler\ti-cgt-arm_5.2.2\lib\</path>
         <kind>archive</kind>
         <file>rtsv7M4_T_le_eabi.lib</file>
         <name>strcmp.obj</name>
      </input_file>
      <input_file id="fl-14b">
         <path>C:\TI\ccs_v6\ccsv6\tools\compiler\ti-cgt-arm_5.2.2\lib\</path>
         <kind>archive</kind>
         <file>rtsv7M4_T_le_eabi.lib</file>
         <name>strcpy.obj</name>
      </input_file>
      <input_file id="fl-14c">
         <path>C:\TI\ccs_v6\ccsv6\tools\compiler\ti-cgt-arm_5.2.2\lib\</path>
         <kind>archive</kind>
         <file>rtsv7M4_T_le_eabi.lib</file>
         <name>strlen.obj</name>
      </input_file>
      <input_file id="fl-14d">
         <path>C:\TI\ccs_v6\ccsv6\tools\compiler\ti-cgt-arm_5.2.2\lib\</path>
         <kind>archive</kind>
         <file>rtsv7M4_T_le_eabi.lib</file>
         <name>strncmp.obj</name>
      </input_file>
      <input_file id="fl-14e">
         <path>C:\TI\ccs_v6\ccsv6\tools\compiler\ti-cgt-arm_5.2.2\lib\</path>
         <kind>archive</kind>
         <file>rtsv7M4_T_le_eabi.lib</file>
         <name>strncpy.obj</name>
      </input_file>
      <input_file id="fl-14f">
         <path>C:\TI\ccs_v6\ccsv6\tools\compiler\ti-cgt-arm_5.2.2\lib\</path>
         <kind>archive</kind>
         <file>rtsv7M4_T_le_eabi.lib</file>
         <name>strtok.obj</name>
      </input_file>
      <input_file id="fl-150">
         <path>C:\TI\ccs_v6\ccsv6\tools\compiler\ti-cgt-arm_5.2.2\lib\</path>
         <kind>archive</kind>
         <file>rtsv7M4_T_le_eabi.lib</file>
         <name>u_tofs_t2.obj</name>
      </input_file>
      <input_file id="fl-151">
         <path>C:\TI\ccs_v6\ccsv6\tools\compiler\ti-cgt-arm_5.2.2\lib\</path>
         <kind>archive</kind>
         <file>rtsv7M4_T_le_eabi.lib</file>
         <name>vsnprintf.obj</name>
      </input_file>
      <input_file id="fl-152">
         <path>C:\TI\ccs_v6\ccsv6\tools\compiler\ti-cgt-arm_5.2.2\lib\</path>
         <kind>archive</kind>
         <file>rtsv7M4_T_le_eabi.lib</file>
         <name>_lock.obj</name>
      </input_file>
      <input_file id="fl-153">
         <path>C:\TI\ccs_v6\ccsv6\tools\compiler\ti-cgt-arm_5.2.2\lib\</path>
         <kind>archive</kind>
         <file>rtsv7M4_T_le_eabi.lib</file>
         <name>_printfi.obj</name>
      </input_file>
      <input_file id="fl-154">
         <path>C:\TI\ccs_v6\ccsv6\tools\compiler\ti-cgt-arm_5.2.2\lib\</path>
         <kind>archive</kind>
         <file>rtsv7M4_T_le_eabi.lib</file>
         <name>args_main.obj</name>
      </input_file>
      <input_file id="fl-155">
         <path>C:\TI\ccs_v6\ccsv6\tools\compiler\ti-cgt-arm_5.2.2\lib\</path>
         <kind>archive</kind>
         <file>rtsv7M4_T_le_eabi.lib</file>
         <name>atoi.obj</name>
      </input_file>
      <input_file id="fl-156">
         <path>C:\TI\ccs_v6\ccsv6\tools\compiler\ti-cgt-arm_5.2.2\lib\</path>
         <kind>archive</kind>
         <file>rtsv7M4_T_le_eabi.lib</file>
         <name>autoinit.obj</name>
      </input_file>
      <input_file id="fl-157">
         <path>C:\TI\ccs_v6\ccsv6\tools\compiler\ti-cgt-arm_5.2.2\lib\</path>
         <kind>archive</kind>
         <file>rtsv7M4_T_le_eabi.lib</file>
         <name>cpy_tbl.obj</name>
      </input_file>
      <input_file id="fl-158">
         <path>C:\TI\ccs_v6\ccsv6\tools\compiler\ti-cgt-arm_5.2.2\lib\</path>
         <kind>archive</kind>
         <file>rtsv7M4_T_le_eabi.lib</file>
         <name>ctype.obj</name>
      </input_file>
      <input_file id="fl-159">
         <path>C:\TI\ccs_v6\ccsv6\tools\compiler\ti-cgt-arm_5.2.2\lib\</path>
         <kind>archive</kind>
         <file>rtsv7M4_T_le_eabi.lib</file>
         <name>fd_cmp_t2.obj</name>
      </input_file>
      <input_file id="fl-15a">
         <path>C:\TI\ccs_v6\ccsv6\tools\compiler\ti-cgt-arm_5.2.2\lib\</path>
         <kind>archive</kind>
         <file>rtsv7M4_T_le_eabi.lib</file>
         <name>fd_toi_t2.obj</name>
      </input_file>
      <input_file id="fl-15b">
         <path>C:\TI\ccs_v6\ccsv6\tools\compiler\ti-cgt-arm_5.2.2\lib\</path>
         <kind>archive</kind>
         <file>rtsv7M4_T_le_eabi.lib</file>
         <name>frexp.obj</name>
      </input_file>
      <input_file id="fl-15c">
         <path>C:\TI\ccs_v6\ccsv6\tools\compiler\ti-cgt-arm_5.2.2\lib\</path>
         <kind>archive</kind>
         <file>rtsv7M4_T_le_eabi.lib</file>
         <name>i_tofd_t2.obj</name>
      </input_file>
      <input_file id="fl-15d">
         <path>C:\TI\ccs_v6\ccsv6\tools\compiler\ti-cgt-arm_5.2.2\lib\</path>
         <kind>archive</kind>
         <file>rtsv7M4_T_le_eabi.lib</file>
         <name>ldexp.obj</name>
      </input_file>
      <input_file id="fl-15e">
         <path>C:\TI\ccs_v6\ccsv6\tools\compiler\ti-cgt-arm_5.2.2\lib\</path>
         <kind>archive</kind>
         <file>rtsv7M4_T_le_eabi.lib</file>
         <name>ltoa.obj</name>
      </input_file>
      <input_file id="fl-15f">
         <path>C:\TI\ccs_v6\ccsv6\tools\compiler\ti-cgt-arm_5.2.2\lib\</path>
         <kind>archive</kind>
         <file>rtsv7M4_T_le_eabi.lib</file>
         <name>memccpy.obj</name>
      </input_file>
      <input_file id="fl-160">
         <path>C:\TI\ccs_v6\ccsv6\tools\compiler\ti-cgt-arm_5.2.2\lib\</path>
         <kind>archive</kind>
         <file>rtsv7M4_T_le_eabi.lib</file>
         <name>strcspn.obj</name>
      </input_file>
      <input_file id="fl-161">
         <path>C:\TI\ccs_v6\ccsv6\tools\compiler\ti-cgt-arm_5.2.2\lib\</path>
         <kind>archive</kind>
         <file>rtsv7M4_T_le_eabi.lib</file>
         <name>strspn.obj</name>
      </input_file>
      <input_file id="fl-162">
         <path>C:\TI\ccs_v6\ccsv6\tools\compiler\ti-cgt-arm_5.2.2\lib\</path>
         <kind>archive</kind>
         <file>rtsv7M4_T_le_eabi.lib</file>
         <name>ull_div_t2.obj</name>
      </input_file>
      <input_file id="fl-163">
         <path>C:\TI\ccs_v6\ccsv6\tools\compiler\ti-cgt-arm_5.2.2\lib\</path>
         <kind>archive</kind>
         <file>rtsv7M4_T_le_eabi.lib</file>
         <name>xdclass.obj</name>
      </input_file>
      <input_file id="fl-164">
         <path>C:\TI\ccs_v6\ccsv6\tools\compiler\ti-cgt-arm_5.2.2\lib\</path>
         <kind>archive</kind>
         <file>rtsv7M4_T_le_eabi.lib</file>
         <name>xdscale.obj</name>
      </input_file>
      <input_file id="fl-165">
         <path>C:\TI\ccs_v6\ccsv6\tools\compiler\ti-cgt-arm_5.2.2\lib\</path>
         <kind>archive</kind>
         <file>rtsv7M4_T_le_eabi.lib</file>
         <name>xdunscal.obj</name>
      </input_file>
      <input_file id="fl-166">
         <path>C:\TI\ccs_v6\ccsv6\tools\compiler\ti-cgt-arm_5.2.2\lib\</path>
         <kind>archive</kind>
         <file>rtsv7M4_T_le_eabi.lib</file>
         <name>xferaise.obj</name>
      </input_file>
      <input_file id="fl-167">
         <path>C:\TI\ccs_v6\ccsv6\tools\compiler\ti-cgt-arm_5.2.2\lib\</path>
         <kind>archive</kind>
         <file>rtsv7M4_T_le_eabi.lib</file>
         <name>xvalues.obj</name>
      </input_file>
      <input_file id="fl-168">
         <path>C:\TI\ccs_v6\ccsv6\tools\compiler\ti-cgt-arm_5.2.2\lib\</path>
         <kind>archive</kind>
         <file>rtsv7M4_T_le_eabi.lib</file>
         <name>errno.obj</name>
      </input_file>
      <input_file id="fl-169">
         <path>C:\TI\ccs_v6\ccsv6\tools\compiler\ti-cgt-arm_5.2.2\lib\</path>
         <kind>archive</kind>
         <file>rtsv7M4_T_le_eabi.lib</file>
         <name>feraiseexcept.obj</name>
      </input_file>
      <input_file id="fl-16a">
         <path>C:\TI\ccs_v6\ccsv6\tools\compiler\ti-cgt-arm_5.2.2\lib\</path>
         <kind>archive</kind>
         <file>rtsv7M4_T_le_eabi.lib</file>
         <name>raise.obj</name>
      </input_file>
      <input_file id="fl-16b">
         <path>C:\TI\ccs_v6\ccsv6\tools\compiler\ti-cgt-arm_5.2.2\lib\</path>
         <kind>archive</kind>
         <file>rtsv7M4_T_le_eabi.lib</file>
         <name>signal.obj</name>
      </input_file>
      <input_file id="fl-16c">
         <path>C:\TI\ccs_v6\ccsv6\tools\compiler\ti-cgt-arm_5.2.2\lib\</path>
         <kind>archive</kind>
         <file>rtsv7M4_T_le_eabi.lib</file>
         <name>xdnorm.obj</name>
      </input_file>
      <input_file id="fl-16d">
         <path>C:\TI\CC3200SDK_1.2.0\cc3200-sdk\example\mqtt_client\ccs\..\..\..\oslib\ccs\free_rtos\</path>
         <kind>archive</kind>
         <file>free_rtos.a</file>
         <name>osi_freertos.obj</name>
      </input_file>
      <input_file id="fl-16e">
         <path>C:\TI\CC3200SDK_1.2.0\cc3200-sdk\example\mqtt_client\ccs\..\..\..\oslib\ccs\free_rtos\</path>
         <kind>archive</kind>
         <file>free_rtos.a</file>
         <name>port.obj</name>
      </input_file>
      <input_file id="fl-16f">
         <path>C:\TI\CC3200SDK_1.2.0\cc3200-sdk\example\mqtt_client\ccs\..\..\..\oslib\ccs\free_rtos\</path>
         <kind>archive</kind>
         <file>free_rtos.a</file>
         <name>portasm.obj</name>
      </input_file>
      <input_file id="fl-170">
         <path>C:\TI\CC3200SDK_1.2.0\cc3200-sdk\example\mqtt_client\ccs\..\..\..\oslib\ccs\free_rtos\</path>
         <kind>archive</kind>
         <file>free_rtos.a</file>
         <name>queue.obj</name>
      </input_file>
      <input_file id="fl-171">
         <path>C:\TI\CC3200SDK_1.2.0\cc3200-sdk\example\mqtt_client\ccs\..\..\..\oslib\ccs\free_rtos\</path>
         <kind>archive</kind>
         <file>free_rtos.a</file>
         <name>tasks.obj</name>
      </input_file>
      <input_file id="fl-172">
         <path>C:\TI\CC3200SDK_1.2.0\cc3200-sdk\example\mqtt_client\ccs\..\..\..\oslib\ccs\free_rtos\</path>
         <kind>archive</kind>
         <file>free_rtos.a</file>
         <name>heap_3.obj</name>
      </input_file>
      <input_file id="fl-173">
         <path>C:\TI\CC3200SDK_1.2.0\cc3200-sdk\example\mqtt_client\ccs\..\..\..\oslib\ccs\free_rtos\</path>
         <kind>archive</kind>
         <file>free_rtos.a</file>
         <name>list.obj</name>
      </input_file>
      <input_file id="fl-174">
         <path>C:\TI\CC3200SDK_1.2.0\cc3200-sdk\example\mqtt_client\ccs\..\..\..\simplelink\ccs\OS\</path>
         <kind>archive</kind>
         <file>simplelink.a</file>
         <name>device.obj</name>
      </input_file>
      <input_file id="fl-175">
         <path>C:\TI\CC3200SDK_1.2.0\cc3200-sdk\example\mqtt_client\ccs\..\..\..\simplelink\ccs\OS\</path>
         <kind>archive</kind>
         <file>simplelink.a</file>
         <name>driver.obj</name>
      </input_file>
      <input_file id="fl-176">
         <path>C:\TI\CC3200SDK_1.2.0\cc3200-sdk\example\mqtt_client\ccs\..\..\..\simplelink\ccs\OS\</path>
         <kind>archive</kind>
         <file>simplelink.a</file>
         <name>netapp.obj</name>
      </input_file>
      <input_file id="fl-177">
         <path>C:\TI\CC3200SDK_1.2.0\cc3200-sdk\example\mqtt_client\ccs\..\..\..\simplelink\ccs\OS\</path>
         <kind>archive</kind>
         <file>simplelink.a</file>
         <name>netcfg.obj</name>
      </input_file>
      <input_file id="fl-178">
         <path>C:\TI\CC3200SDK_1.2.0\cc3200-sdk\example\mqtt_client\ccs\..\..\..\simplelink\ccs\OS\</path>
         <kind>archive</kind>
         <file>simplelink.a</file>
         <name>socket.obj</name>
      </input_file>
      <input_file id="fl-179">
         <path>C:\TI\CC3200SDK_1.2.0\cc3200-sdk\example\mqtt_client\ccs\..\..\..\simplelink\ccs\OS\</path>
         <kind>archive</kind>
         <file>simplelink.a</file>
         <name>wlan.obj</name>
      </input_file>
      <input_file id="fl-17a">
         <path>C:\TI\CC3200SDK_1.2.0\cc3200-sdk\example\mqtt_client\ccs\..\..\..\simplelink\ccs\OS\</path>
         <kind>archive</kind>
         <file>simplelink.a</file>
         <name>cc_pal.obj</name>
      </input_file>
      <input_file id="fl-17b">
         <path>C:\TI\CC3200SDK_1.2.0\cc3200-sdk\example\mqtt_client\ccs\..\..\..\netapps\mqtt\ccs\client\</path>
         <kind>archive</kind>
         <file>mqtt.a</file>
         <name>sl_mqtt_client.obj</name>
      </input_file>
      <input_file id="fl-17c">
         <path>C:\TI\CC3200SDK_1.2.0\cc3200-sdk\example\mqtt_client\ccs\..\..\..\netapps\mqtt\ccs\client\</path>
         <kind>archive</kind>
         <file>mqtt.a</file>
         <name>cc31xx_sl_net.obj</name>
      </input_file>
      <input_file id="fl-17d">
         <path>C:\TI\CC3200SDK_1.2.0\cc3200-sdk\example\mqtt_client\ccs\..\..\..\netapps\mqtt\ccs\client\</path>
         <kind>archive</kind>
         <file>mqtt.a</file>
         <name>cc3200_platform.obj</name>
      </input_file>
      <input_file id="fl-17e">
         <path>C:\TI\CC3200SDK_1.2.0\cc3200-sdk\example\mqtt_client\ccs\..\..\..\netapps\mqtt\ccs\client\</path>
         <kind>archive</kind>
         <file>mqtt.a</file>
         <name>mqtt_client.obj</name>
      </input_file>
      <input_file id="fl-17f">
         <path>C:\TI\CC3200SDK_1.2.0\cc3200-sdk\example\mqtt_client\ccs\..\..\..\netapps\mqtt\ccs\client\</path>
         <kind>archive</kind>
         <file>mqtt.a</file>
         <name>mqtt_common.obj</name>
      </input_file>
      <input_file id="fl-180">
         <path>C:\TI\CC3200SDK_1.2.0\cc3200-sdk\example\mqtt_client\ccs\..\..\..\driverlib\ccs\Release\</path>
         <kind>archive</kind>
         <file>driverlib.a</file>
         <name>adc.obj</name>
      </input_file>
      <input_file id="fl-181">
         <path>C:\TI\CC3200SDK_1.2.0\cc3200-sdk\example\mqtt_client\ccs\..\..\..\driverlib\ccs\Release\</path>
         <kind>archive</kind>
         <file>driverlib.a</file>
         <name>gpio.obj</name>
      </input_file>
      <input_file id="fl-182">
         <path>C:\TI\CC3200SDK_1.2.0\cc3200-sdk\example\mqtt_client\ccs\..\..\..\driverlib\ccs\Release\</path>
         <kind>archive</kind>
         <file>driverlib.a</file>
         <name>interrupt.obj</name>
      </input_file>
      <input_file id="fl-183">
         <path>C:\TI\CC3200SDK_1.2.0\cc3200-sdk\example\mqtt_client\ccs\..\..\..\driverlib\ccs\Release\</path>
         <kind>archive</kind>
         <file>driverlib.a</file>
         <name>pin.obj</name>
      </input_file>
      <input_file id="fl-184">
         <path>C:\TI\CC3200SDK_1.2.0\cc3200-sdk\example\mqtt_client\ccs\..\..\..\driverlib\ccs\Release\</path>
         <kind>archive</kind>
         <file>driverlib.a</file>
         <name>prcm.obj</name>
      </input_file>
      <input_file id="fl-185">
         <path>C:\TI\CC3200SDK_1.2.0\cc3200-sdk\example\mqtt_client\ccs\..\..\..\driverlib\ccs\Release\</path>
         <kind>archive</kind>
         <file>driverlib.a</file>
         <name>spi.obj</name>
      </input_file>
      <input_file id="fl-186">
         <path>C:\TI\CC3200SDK_1.2.0\cc3200-sdk\example\mqtt_client\ccs\..\..\..\driverlib\ccs\Release\</path>
         <kind>archive</kind>
         <file>driverlib.a</file>
         <name>timer.obj</name>
      </input_file>
      <input_file id="fl-187">
         <path>C:\TI\CC3200SDK_1.2.0\cc3200-sdk\example\mqtt_client\ccs\..\..\..\driverlib\ccs\Release\</path>
         <kind>archive</kind>
         <file>driverlib.a</file>
         <name>uart.obj</name>
      </input_file>
      <input_file id="fl-188">
         <path>C:\TI\CC3200SDK_1.2.0\cc3200-sdk\example\mqtt_client\ccs\..\..\..\driverlib\ccs\Release\</path>
         <kind>archive</kind>
         <file>driverlib.a</file>
         <name>udma.obj</name>
      </input_file>
      <input_file id="fl-189">
         <path>C:\TI\CC3200SDK_1.2.0\cc3200-sdk\example\mqtt_client\ccs\..\..\..\driverlib\ccs\Release\</path>
         <kind>archive</kind>
         <file>driverlib.a</file>
         <name>utils.obj</name>
      </input_file>
      <input_file id="fl-18a">
         <path>C:\TI\CC3200SDK_1.2.0\cc3200-sdk\example\mqtt_client\ccs\..\..\..\driverlib\ccs\Release\</path>
         <kind>archive</kind>
         <file>driverlib.a</file>
         <name>cpu.obj</name>
      </input_file>
      <input_file id="fl-18b">
         <path>C:\TI\CC3200SDK_1.2.0\cc3200-sdk\example\mqtt_client\ccs\..\..\..\driverlib\ccs\Release\</path>
         <kind>archive</kind>
         <file>driverlib.a</file>
         <name>flash.obj</name>
      </input_file>
   </input_file_list>
   <object_component_list>
      <object_component id="oc-f">
         <name>.intvecs</name>
         <load_address>0x20004000</load_address>
         <run_address>0x20004000</run_address>
         <size>0x400</size>
         <input_file_ref idref="fl-a"/>
      </object_component>
      <object_component id="oc-3ea">
         <name>.text</name>
         <load_address>0x20004400</load_address>
         <run_address>0x20004400</run_address>
         <size>0x25cc</size>
         <input_file_ref idref="fl-17e"/>
      </object_component>
      <object_component id="oc-f2">
         <name>.text</name>
         <load_address>0x200069cc</load_address>
         <run_address>0x200069cc</run_address>
         <size>0x12e0</size>
         <input_file_ref idref="fl-7"/>
      </object_component>
      <object_component id="oc-87">
         <name>.text</name>
         <load_address>0x20007cac</load_address>
         <run_address>0x20007cac</run_address>
         <size>0x125c</size>
         <input_file_ref idref="fl-171"/>
      </object_component>
      <object_component id="oc-c3">
         <name>.text</name>
         <load_address>0x20008f08</load_address>
         <run_address>0x20008f08</run_address>
         <size>0x1178</size>
         <input_file_ref idref="fl-5"/>
      </object_component>
      <object_component id="oc-556">
         <name>.text</name>
         <load_address>0x2000a080</load_address>
         <run_address>0x2000a080</run_address>
         <size>0x10a6</size>
         <input_file_ref idref="fl-153"/>
      </object_component>
      <object_component id="oc-57c">
         <name>.text:IntDefaultHandler</name>
         <load_address>0x2000b126</load_address>
         <run_address>0x2000b126</run_address>
         <size>0x2</size>
         <input_file_ref idref="fl-182"/>
      </object_component>
      <object_component id="oc-303">
         <name>.text</name>
         <load_address>0x2000b128</load_address>
         <run_address>0x2000b128</run_address>
         <size>0xb24</size>
         <input_file_ref idref="fl-170"/>
      </object_component>
      <object_component id="oc-1a7">
         <name>.text</name>
         <load_address>0x2000bc4c</load_address>
         <run_address>0x2000bc4c</run_address>
         <size>0xa68</size>
         <input_file_ref idref="fl-17b"/>
      </object_component>
      <object_component id="oc-5dd">
         <name>.text</name>
         <load_address>0x2000c6b4</load_address>
         <run_address>0x2000c6b4</run_address>
         <size>0xa0c</size>
         <input_file_ref idref="fl-17f"/>
      </object_component>
      <object_component id="oc-5ff">
         <name>.text</name>
         <load_address>0x2000d0c0</load_address>
         <run_address>0x2000d0c0</run_address>
         <size>0x6d0</size>
         <input_file_ref idref="fl-17c"/>
      </object_component>
      <object_component id="oc-74e">
         <name>.text:_SlDrvMsgRead</name>
         <load_address>0x2000d790</load_address>
         <run_address>0x2000d790</run_address>
         <size>0x590</size>
         <input_file_ref idref="fl-175"/>
      </object_component>
      <object_component id="oc-15a">
         <name>.text</name>
         <load_address>0x2000dd20</load_address>
         <run_address>0x2000dd20</run_address>
         <size>0x45c</size>
         <input_file_ref idref="fl-16d"/>
      </object_component>
      <object_component id="oc-12a">
         <name>.text</name>
         <load_address>0x2000e17c</load_address>
         <run_address>0x2000e17c</run_address>
         <size>0x3dc</size>
         <input_file_ref idref="fl-145"/>
      </object_component>
      <object_component id="oc-16c">
         <name>.text</name>
         <load_address>0x2000e558</load_address>
         <run_address>0x2000e558</run_address>
         <size>0x394</size>
         <input_file_ref idref="fl-4"/>
      </object_component>
      <object_component id="oc-194">
         <name>.text:sl_WlanProfileAdd</name>
         <load_address>0x2000e8ec</load_address>
         <run_address>0x2000e8ec</run_address>
         <size>0x294</size>
         <input_file_ref idref="fl-179"/>
      </object_component>
      <object_component id="oc-13c">
         <name>.text</name>
         <load_address>0x2000eb80</load_address>
         <run_address>0x2000eb80</run_address>
         <size>0x290</size>
         <input_file_ref idref="fl-d"/>
      </object_component>
      <object_component id="oc-25d">
         <name>.text:sl_WlanConnect</name>
         <load_address>0x2000ee10</load_address>
         <run_address>0x2000ee10</run_address>
         <size>0x260</size>
         <input_file_ref idref="fl-179"/>
      </object_component>
      <object_component id="oc-1b6">
         <name>.text</name>
         <load_address>0x2000f070</load_address>
         <run_address>0x2000f070</run_address>
         <size>0x21c</size>
         <input_file_ref idref="fl-b"/>
      </object_component>
      <object_component id="oc-87c">
         <name>.text:_SlDrvRxHdrRead</name>
         <load_address>0x2000f28c</load_address>
         <run_address>0x2000f28c</run_address>
         <size>0x1fc</size>
         <input_file_ref idref="fl-175"/>
      </object_component>
      <object_component id="oc-6e3">
         <name>.text</name>
         <load_address>0x2000f488</load_address>
         <run_address>0x2000f488</run_address>
         <size>0x1f4</size>
         <input_file_ref idref="fl-162"/>
      </object_component>
      <object_component id="oc-8dc">
         <name>.text:_SlDrvDataReadOp</name>
         <load_address>0x2000f67c</load_address>
         <run_address>0x2000f67c</run_address>
         <size>0x1e0</size>
         <input_file_ref idref="fl-175"/>
      </object_component>
      <object_component id="oc-4c7">
         <name>.text:_SlDrvReleasePoolObj</name>
         <load_address>0x2000f85c</load_address>
         <run_address>0x2000f85c</run_address>
         <size>0x1d0</size>
         <input_file_ref idref="fl-175"/>
      </object_component>
      <object_component id="oc-172">
         <name>.text</name>
         <load_address>0x2000fa2c</load_address>
         <run_address>0x2000fa2c</run_address>
         <size>0x1c0</size>
         <input_file_ref idref="fl-c"/>
      </object_component>
      <object_component id="oc-469">
         <name>.text</name>
         <load_address>0x2000fbec</load_address>
         <run_address>0x2000fbec</run_address>
         <size>0x1b6</size>
         <input_file_ref idref="fl-13c"/>
      </object_component>
      <object_component id="oc-7ca">
         <name>.text:sl_Accept</name>
         <load_address>0x2000fda4</load_address>
         <run_address>0x2000fda4</run_address>
         <size>0x1a0</size>
         <input_file_ref idref="fl-178"/>
      </object_component>
      <object_component id="oc-5b5">
         <name>.text:_SlDrvMsgWrite</name>
         <load_address>0x2000ff44</load_address>
         <run_address>0x2000ff44</run_address>
         <size>0x19c</size>
         <input_file_ref idref="fl-175"/>
      </object_component>
      <object_component id="oc-49d">
         <name>.text:_SlDrvDriverCBInit</name>
         <load_address>0x200100e0</load_address>
         <run_address>0x200100e0</run_address>
         <size>0x190</size>
         <input_file_ref idref="fl-175"/>
      </object_component>
      <object_component id="oc-51e">
         <name>.text:_SlDrvWaitForPoolObj</name>
         <load_address>0x20010270</load_address>
         <run_address>0x20010270</run_address>
         <size>0x190</size>
         <input_file_ref idref="fl-175"/>
      </object_component>
      <object_component id="oc-18a">
         <name>.text:PRCMCC3200MCUInit</name>
         <load_address>0x20010400</load_address>
         <run_address>0x20010400</run_address>
         <size>0x178</size>
         <input_file_ref idref="fl-184"/>
      </object_component>
      <object_component id="oc-88e">
         <name>.text:_SlFindAndSetActiveObj</name>
         <load_address>0x20010578</load_address>
         <run_address>0x20010578</run_address>
         <size>0x170</size>
         <input_file_ref idref="fl-175"/>
      </object_component>
      <object_component id="oc-794">
         <name>.text:sl_Connect</name>
         <load_address>0x200106e8</load_address>
         <run_address>0x200106e8</run_address>
         <size>0x16c</size>
         <input_file_ref idref="fl-178"/>
      </object_component>
      <object_component id="oc-7be">
         <name>.text:sl_Select</name>
         <load_address>0x20010854</load_address>
         <run_address>0x20010854</run_address>
         <size>0x15c</size>
         <input_file_ref idref="fl-178"/>
      </object_component>
      <object_component id="oc-1a1">
         <name>.text</name>
         <load_address>0x200109b0</load_address>
         <run_address>0x200109b0</run_address>
         <size>0x150</size>
         <input_file_ref idref="fl-3"/>
      </object_component>
      <object_component id="oc-4a3">
         <name>.text:spi_Open</name>
         <load_address>0x20010b00</load_address>
         <run_address>0x20010b00</run_address>
         <size>0x150</size>
         <input_file_ref idref="fl-17a"/>
      </object_component>
      <object_component id="oc-8d5">
         <name>.text:_SlDrvDataWriteOp</name>
         <load_address>0x20010c50</load_address>
         <run_address>0x20010c50</run_address>
         <size>0x14c</size>
         <input_file_ref idref="fl-175"/>
      </object_component>
      <object_component id="oc-464">
         <name>.text</name>
         <load_address>0x20010d9c</load_address>
         <run_address>0x20010d9c</run_address>
         <size>0x136</size>
         <input_file_ref idref="fl-13d"/>
      </object_component>
      <object_component id="oc-1cc">
         <name>.text</name>
         <load_address>0x20010ed4</load_address>
         <run_address>0x20010ed4</run_address>
         <size>0x134</size>
         <input_file_ref idref="fl-8"/>
      </object_component>
      <object_component id="oc-26a">
         <name>.text:sl_NetAppDnsGetHostByName</name>
         <load_address>0x20011008</load_address>
         <run_address>0x20011008</run_address>
         <size>0x12c</size>
         <input_file_ref idref="fl-176"/>
      </object_component>
      <object_component id="oc-e2">
         <name>.text</name>
         <load_address>0x20011134</load_address>
         <run_address>0x20011134</run_address>
         <size>0x12a</size>
         <input_file_ref idref="fl-173"/>
      </object_component>
      <object_component id="oc-7d0">
         <name>.text:sl_SendTo</name>
         <load_address>0x20011260</load_address>
         <run_address>0x20011260</run_address>
         <size>0x128</size>
         <input_file_ref idref="fl-178"/>
      </object_component>
      <object_component id="oc-5bb">
         <name>.text:_SlDrvMsgReadCmdCtx</name>
         <load_address>0x20011388</load_address>
         <run_address>0x20011388</run_address>
         <size>0x120</size>
         <input_file_ref idref="fl-175"/>
      </object_component>
      <object_component id="oc-7d6">
         <name>.text:sl_RecvFrom</name>
         <load_address>0x200114a8</load_address>
         <run_address>0x200114a8</run_address>
         <size>0x120</size>
         <input_file_ref idref="fl-178"/>
      </object_component>
      <object_component id="oc-1d7">
         <name>.text</name>
         <load_address>0x200115c8</load_address>
         <run_address>0x200115c8</run_address>
         <size>0x11c</size>
         <input_file_ref idref="fl-9"/>
      </object_component>
      <object_component id="oc-4ea">
         <name>.text:_SlDrvDriverCBDeinit</name>
         <load_address>0x200116e4</load_address>
         <run_address>0x200116e4</run_address>
         <size>0x118</size>
         <input_file_ref idref="fl-175"/>
      </object_component>
      <object_component id="oc-7a0">
         <name>.text:sl_Send</name>
         <load_address>0x200117fc</load_address>
         <run_address>0x200117fc</run_address>
         <size>0x118</size>
         <input_file_ref idref="fl-178"/>
      </object_component>
      <object_component id="oc-38">
         <name>.text</name>
         <load_address>0x20011914</load_address>
         <run_address>0x20011914</run_address>
         <size>0x110</size>
         <input_file_ref idref="fl-16e"/>
      </object_component>
      <object_component id="oc-831">
         <name>.text</name>
         <load_address>0x20011a24</load_address>
         <run_address>0x20011a24</run_address>
         <size>0x110</size>
         <input_file_ref idref="fl-164"/>
      </object_component>
      <object_component id="oc-93b">
         <name>.text:_SlDrvNetAppEventHandler</name>
         <load_address>0x20011b34</load_address>
         <run_address>0x20011b34</run_address>
         <size>0x104</size>
         <input_file_ref idref="fl-176"/>
      </object_component>
      <object_component id="oc-45f">
         <name>.text</name>
         <load_address>0x20011c38</load_address>
         <run_address>0x20011c38</run_address>
         <size>0xfc</size>
         <input_file_ref idref="fl-13e"/>
      </object_component>
      <object_component id="oc-9c6">
         <name>.text:uDMAChannelTransferSet</name>
         <load_address>0x20011d34</load_address>
         <run_address>0x20011d34</run_address>
         <size>0xf0</size>
         <input_file_ref idref="fl-188"/>
      </object_component>
      <object_component id="oc-754">
         <name>.text:_SlAsyncEventGenericHandler</name>
         <load_address>0x20011e24</load_address>
         <run_address>0x20011e24</run_address>
         <size>0xe8</size>
         <input_file_ref idref="fl-175"/>
      </object_component>
      <object_component id="oc-223">
         <name>.text:sl_Stop</name>
         <load_address>0x20011f0c</load_address>
         <run_address>0x20011f0c</run_address>
         <size>0xe4</size>
         <input_file_ref idref="fl-174"/>
      </object_component>
      <object_component id="oc-217">
         <name>.text:sl_Start</name>
         <load_address>0x20011ff0</load_address>
         <run_address>0x20011ff0</run_address>
         <size>0xe0</size>
         <input_file_ref idref="fl-174"/>
      </object_component>
      <object_component id="oc-882">
         <name>.text:_SlDrvClassifyRxMsg</name>
         <load_address>0x200120d0</load_address>
         <run_address>0x200120d0</run_address>
         <size>0xdc</size>
         <input_file_ref idref="fl-175"/>
      </object_component>
      <object_component id="oc-888">
         <name>.text:spi_Read</name>
         <load_address>0x200121ac</load_address>
         <run_address>0x200121ac</run_address>
         <size>0xdc</size>
         <input_file_ref idref="fl-17a"/>
      </object_component>
      <object_component id="oc-6ba">
         <name>.text:_SlDrvMsgReadSpawnCtx</name>
         <load_address>0x20012288</load_address>
         <run_address>0x20012288</run_address>
         <size>0xd4</size>
         <input_file_ref idref="fl-175"/>
      </object_component>
      <object_component id="oc-9db">
         <name>.text:_sl_HandleAsync_DnsGetHostByService</name>
         <load_address>0x2001235c</load_address>
         <run_address>0x2001235c</run_address>
         <size>0xcc</size>
         <input_file_ref idref="fl-176"/>
      </object_component>
      <object_component id="oc-50d">
         <name>.text:sl_NetAppMDNSRegisterUnregisterService</name>
         <load_address>0x20012428</load_address>
         <run_address>0x20012428</run_address>
         <size>0xc8</size>
         <input_file_ref idref="fl-176"/>
      </object_component>
      <object_component id="oc-6a4">
         <name>.text:_SlRemoveFromList</name>
         <load_address>0x200124f0</load_address>
         <run_address>0x200124f0</run_address>
         <size>0xc4</size>
         <input_file_ref idref="fl-175"/>
      </object_component>
      <object_component id="oc-3af">
         <name>.text:_SlDrvCmdOp</name>
         <load_address>0x200125b4</load_address>
         <run_address>0x200125b4</run_address>
         <size>0xc0</size>
         <input_file_ref idref="fl-175"/>
      </object_component>
      <object_component id="oc-264">
         <name>.text:sl_NetCfgGet</name>
         <load_address>0x20012674</load_address>
         <run_address>0x20012674</run_address>
         <size>0xc0</size>
         <input_file_ref idref="fl-177"/>
      </object_component>
      <object_component id="oc-8fd">
         <name>.text</name>
         <load_address>0x20012734</load_address>
         <run_address>0x20012734</run_address>
         <size>0xbe</size>
         <input_file_ref idref="fl-16c"/>
      </object_component>
      <object_component id="oc-33">
         <name>.text</name>
         <load_address>0x200127f4</load_address>
         <run_address>0x200127f4</run_address>
         <size>0xba</size>
         <input_file_ref idref="fl-16f"/>
      </object_component>
      <object_component id="oc-229">
         <name>.text:sl_DevGet</name>
         <load_address>0x200128b0</load_address>
         <run_address>0x200128b0</run_address>
         <size>0xb4</size>
         <input_file_ref idref="fl-174"/>
      </object_component>
      <object_component id="oc-2f7">
         <name>.text:IntDisable</name>
         <load_address>0x20012964</load_address>
         <run_address>0x20012964</run_address>
         <size>0xa8</size>
         <input_file_ref idref="fl-182"/>
      </object_component>
      <object_component id="oc-184">
         <name>.text:IntEnable</name>
         <load_address>0x20012a0c</load_address>
         <run_address>0x20012a0c</run_address>
         <size>0xa8</size>
         <input_file_ref idref="fl-182"/>
      </object_component>
      <object_component id="oc-64d">
         <name>.text:SPIConfigSetExpClk</name>
         <load_address>0x20012ab4</load_address>
         <run_address>0x20012ab4</run_address>
         <size>0xa0</size>
         <input_file_ref idref="fl-185"/>
      </object_component>
      <object_component id="oc-69d">
         <name>.text:_SlDriverHandleError</name>
         <load_address>0x20012b54</load_address>
         <run_address>0x20012b54</run_address>
         <size>0xa0</size>
         <input_file_ref idref="fl-175"/>
      </object_component>
      <object_component id="oc-41">
         <name>.text</name>
         <load_address>0x20012bf4</load_address>
         <run_address>0x20012bf4</run_address>
         <size>0x9c</size>
         <input_file_ref idref="fl-143"/>
      </object_component>
      <object_component id="oc-788">
         <name>.text:sl_Bind</name>
         <load_address>0x20012c90</load_address>
         <run_address>0x20012c90</run_address>
         <size>0x9c</size>
         <input_file_ref idref="fl-178"/>
      </object_component>
      <object_component id="oc-868">
         <name>.text:_SlDrvDeviceEventHandler</name>
         <load_address>0x20012d2c</load_address>
         <run_address>0x20012d2c</run_address>
         <size>0x9a</size>
         <input_file_ref idref="fl-174"/>
      </object_component>
      <object_component id="oc-2ac">
         <name>.text:PRCMPeripheralClockGet</name>
         <load_address>0x20012dc8</load_address>
         <run_address>0x20012dc8</run_address>
         <size>0x94</size>
         <input_file_ref idref="fl-184"/>
      </object_component>
      <object_component id="oc-9d5">
         <name>.text:_sl_HandleAsync_DnsGetHostByName</name>
         <load_address>0x20012e5c</load_address>
         <run_address>0x20012e5c</run_address>
         <size>0x90</size>
         <input_file_ref idref="fl-176"/>
      </object_component>
      <object_component id="oc-941">
         <name>.text:_sl_HandleAsync_PingResponse</name>
         <load_address>0x20012eec</load_address>
         <run_address>0x20012eec</run_address>
         <size>0x90</size>
         <input_file_ref idref="fl-176"/>
      </object_component>
      <object_component id="oc-948">
         <name>.text:SetupDMAReceive</name>
         <load_address>0x20012f7c</load_address>
         <run_address>0x20012f7c</run_address>
         <size>0x8c</size>
         <input_file_ref idref="fl-17a"/>
      </object_component>
      <object_component id="oc-84f">
         <name>.text:SetupDMASend</name>
         <load_address>0x20013008</load_address>
         <run_address>0x20013008</run_address>
         <size>0x8c</size>
         <input_file_ref idref="fl-17a"/>
      </object_component>
      <object_component id="oc-744">
         <name>.text:spi_Write</name>
         <load_address>0x20013094</load_address>
         <run_address>0x20013094</run_address>
         <size>0x8c</size>
         <input_file_ref idref="fl-17a"/>
      </object_component>
      <object_component id="oc-60f">
         <name>.text:PinConfigSet</name>
         <load_address>0x20013120</load_address>
         <run_address>0x20013120</run_address>
         <size>0x88</size>
         <input_file_ref idref="fl-183"/>
      </object_component>
      <object_component id="oc-2be">
         <name>.text</name>
         <load_address>0x200131a8</load_address>
         <run_address>0x200131a8</run_address>
         <size>0x88</size>
         <input_file_ref idref="fl-151"/>
      </object_component>
      <object_component id="oc-7a6">
         <name>.text:sl_Recv</name>
         <load_address>0x20013230</load_address>
         <run_address>0x20013230</run_address>
         <size>0x88</size>
         <input_file_ref idref="fl-178"/>
      </object_component>
      <object_component id="oc-6e8">
         <name>.text:__aeabi_cdcmple</name>
         <load_address>0x200132b8</load_address>
         <run_address>0x200132b8</run_address>
         <size>0x86</size>
         <input_file_ref idref="fl-159"/>
      </object_component>
      <object_component id="oc-6ed">
         <name>.text:__aeabi_cdrcmple</name>
         <load_address>0x2001333e</load_address>
         <run_address>0x2001333e</run_address>
         <size>0x86</size>
         <input_file_ref idref="fl-159"/>
      </object_component>
      <object_component id="oc-314">
         <name>.text:GPIOIntTypeSet</name>
         <load_address>0x200133c4</load_address>
         <run_address>0x200133c4</run_address>
         <size>0x82</size>
         <input_file_ref idref="fl-181"/>
      </object_component>
      <object_component id="oc-9fd">
         <name>.text:_sl_HandleAsync_Connect</name>
         <load_address>0x20013448</load_address>
         <run_address>0x20013448</run_address>
         <size>0x80</size>
         <input_file_ref idref="fl-178"/>
      </object_component>
      <object_component id="oc-92b">
         <name>.text:_sl_HandleAsync_InitComplete</name>
         <load_address>0x200134c8</load_address>
         <run_address>0x200134c8</run_address>
         <size>0x80</size>
         <input_file_ref idref="fl-174"/>
      </object_component>
      <object_component id="oc-94e">
         <name>.text:spi_Read_CPU</name>
         <load_address>0x20013548</load_address>
         <run_address>0x20013548</run_address>
         <size>0x80</size>
         <input_file_ref idref="fl-17a"/>
      </object_component>
      <object_component id="oc-861">
         <name>.text:spi_Write_CPU</name>
         <load_address>0x200135c8</load_address>
         <run_address>0x200135c8</run_address>
         <size>0x80</size>
         <input_file_ref idref="fl-17a"/>
      </object_component>
      <object_component id="oc-8c8">
         <name>.text:PRCMRTCGet</name>
         <load_address>0x20013648</load_address>
         <run_address>0x20013648</run_address>
         <size>0x7c</size>
         <input_file_ref idref="fl-184"/>
      </object_component>
      <object_component id="oc-23b">
         <name>.text:sl_NetCfgSet</name>
         <load_address>0x200136c4</load_address>
         <run_address>0x200136c4</run_address>
         <size>0x7c</size>
         <input_file_ref idref="fl-177"/>
      </object_component>
      <object_component id="oc-770">
         <name>.text:sl_SetSockOpt</name>
         <load_address>0x20013740</load_address>
         <run_address>0x20013740</run_address>
         <size>0x7c</size>
         <input_file_ref idref="fl-178"/>
      </object_component>
      <object_component id="oc-241">
         <name>.text:sl_WlanSet</name>
         <load_address>0x200137bc</load_address>
         <run_address>0x200137bc</run_address>
         <size>0x7c</size>
         <input_file_ref idref="fl-179"/>
      </object_component>
      <object_component id="oc-1c1">
         <name>.text</name>
         <load_address>0x20013838</load_address>
         <run_address>0x20013838</run_address>
         <size>0x7a</size>
         <input_file_ref idref="fl-140"/>
      </object_component>
      <object_component id="oc-5a">
         <name>.text</name>
         <load_address>0x200138b2</load_address>
         <run_address>0x200138b2</run_address>
         <size>0x7a</size>
         <input_file_ref idref="fl-146"/>
      </object_component>
      <object_component id="oc-19a">
         <name>.text:sl_WlanPolicySet</name>
         <load_address>0x2001392c</load_address>
         <run_address>0x2001392c</run_address>
         <size>0x78</size>
         <input_file_ref idref="fl-179"/>
      </object_component>
      <object_component id="oc-4e4">
         <name>.text:spi_Close</name>
         <load_address>0x200139a4</load_address>
         <run_address>0x200139a4</run_address>
         <size>0x78</size>
         <input_file_ref idref="fl-17a"/>
      </object_component>
      <object_component id="oc-2b2">
         <name>.text:UARTConfigSetExpClk</name>
         <load_address>0x20013a1c</load_address>
         <run_address>0x20013a1c</run_address>
         <size>0x76</size>
         <input_file_ref idref="fl-187"/>
      </object_component>
      <object_component id="oc-76a">
         <name>.text:sl_Socket</name>
         <load_address>0x20013a94</load_address>
         <run_address>0x20013a94</run_address>
         <size>0x70</size>
         <input_file_ref idref="fl-178"/>
      </object_component>
      <object_component id="oc-a3b">
         <name>.text:_SlDrvCmdSend</name>
         <load_address>0x20013b04</load_address>
         <run_address>0x20013b04</run_address>
         <size>0x6c</size>
         <input_file_ref idref="fl-175"/>
      </object_component>
      <object_component id="oc-9e7">
         <name>.text:_sl_NetAppSendTokenValue</name>
         <load_address>0x20013b70</load_address>
         <run_address>0x20013b70</run_address>
         <size>0x6c</size>
         <input_file_ref idref="fl-176"/>
      </object_component>
      <object_component id="oc-6c">
         <name>.text</name>
         <load_address>0x20013bdc</load_address>
         <run_address>0x20013bdc</run_address>
         <size>0x6c</size>
         <input_file_ref idref="fl-156"/>
      </object_component>
      <object_component id="oc-253">
         <name>.text:sl_WlanRxFilterSet</name>
         <load_address>0x20013c48</load_address>
         <run_address>0x20013c48</run_address>
         <size>0x6c</size>
         <input_file_ref idref="fl-179"/>
      </object_component>
      <object_component id="oc-4d">
         <name>.text</name>
         <load_address>0x20013cb4</load_address>
         <run_address>0x20013cb4</run_address>
         <size>0x6a</size>
         <input_file_ref idref="fl-139"/>
      </object_component>
      <object_component id="oc-365">
         <name>.text:TimerIntUnregister</name>
         <load_address>0x20013d20</load_address>
         <run_address>0x20013d20</run_address>
         <size>0x68</size>
         <input_file_ref idref="fl-186"/>
      </object_component>
      <object_component id="oc-829">
         <name>.text</name>
         <load_address>0x20013d88</load_address>
         <run_address>0x20013d88</run_address>
         <size>0x66</size>
         <input_file_ref idref="fl-165"/>
      </object_component>
      <object_component id="oc-9f7">
         <name>.text:_sl_HandleAsync_Accept</name>
         <load_address>0x20013df0</load_address>
         <run_address>0x20013df0</run_address>
         <size>0x64</size>
         <input_file_ref idref="fl-178"/>
      </object_component>
      <object_component id="oc-7f3">
         <name>.text:uDMAChannelAttributeDisable</name>
         <load_address>0x20013e54</load_address>
         <run_address>0x20013e54</run_address>
         <size>0x64</size>
         <input_file_ref idref="fl-188"/>
      </object_component>
      <object_component id="oc-9c0">
         <name>.text:uDMAChannelAttributeEnable</name>
         <load_address>0x20013eb8</load_address>
         <run_address>0x20013eb8</run_address>
         <size>0x64</size>
         <input_file_ref idref="fl-188"/>
      </object_component>
      <object_component id="oc-3d9">
         <name>.text:IntPendClear</name>
         <load_address>0x20013f1c</load_address>
         <run_address>0x20013f1c</run_address>
         <size>0x58</size>
         <input_file_ref idref="fl-182"/>
      </object_component>
      <object_component id="oc-335">
         <name>.text:PRCMPeripheralReset</name>
         <load_address>0x20013f74</load_address>
         <run_address>0x20013f74</run_address>
         <size>0x58</size>
         <input_file_ref idref="fl-184"/>
      </object_component>
      <object_component id="oc-6f7">
         <name>.text</name>
         <load_address>0x20013fcc</load_address>
         <run_address>0x20013fcc</run_address>
         <size>0x56</size>
         <input_file_ref idref="fl-15e"/>
      </object_component>
      <object_component id="oc-2f1">
         <name>.text:IntPrioritySet</name>
         <load_address>0x20014024</load_address>
         <run_address>0x20014024</run_address>
         <size>0x54</size>
         <input_file_ref idref="fl-182"/>
      </object_component>
      <object_component id="oc-a03">
         <name>.text:_sl_HandleAsync_Select</name>
         <load_address>0x20014078</load_address>
         <run_address>0x20014078</run_address>
         <size>0x54</size>
         <input_file_ref idref="fl-178"/>
      </object_component>
      <object_component id="oc-981">
         <name>.text:PRCMSlowClkCtrGet</name>
         <load_address>0x200140cc</load_address>
         <run_address>0x200140cc</run_address>
         <size>0x50</size>
         <input_file_ref idref="fl-184"/>
      </object_component>
      <object_component id="oc-4d6">
         <name>.text:_SlDrvRxIrqHandler</name>
         <load_address>0x2001411c</load_address>
         <run_address>0x2001411c</run_address>
         <size>0x50</size>
         <input_file_ref idref="fl-175"/>
      </object_component>
      <object_component id="oc-931">
         <name>.text:_sl_HandleAsync_Stop</name>
         <load_address>0x2001416c</load_address>
         <run_address>0x2001416c</run_address>
         <size>0x50</size>
         <input_file_ref idref="fl-174"/>
      </object_component>
      <object_component id="oc-7ac">
         <name>.text:sl_Listen</name>
         <load_address>0x200141bc</load_address>
         <run_address>0x200141bc</run_address>
         <size>0x50</size>
         <input_file_ref idref="fl-178"/>
      </object_component>
      <object_component id="oc-671">
         <name>.text:SPIIntEnable</name>
         <load_address>0x2001420c</load_address>
         <run_address>0x2001420c</run_address>
         <size>0x4c</size>
         <input_file_ref idref="fl-185"/>
      </object_component>
      <object_component id="oc-4a9">
         <name>.text:_SlDrvProtectAsyncRespSetting</name>
         <load_address>0x20014258</load_address>
         <run_address>0x20014258</run_address>
         <size>0x4c</size>
         <input_file_ref idref="fl-175"/>
      </object_component>
      <object_component id="oc-8b9">
         <name>.text:_sl_BuildAddress</name>
         <load_address>0x200142a4</load_address>
         <run_address>0x200142a4</run_address>
         <size>0x4c</size>
         <input_file_ref idref="fl-178"/>
      </object_component>
      <object_component id="oc-71a">
         <name>.text</name>
         <load_address>0x200142f0</load_address>
         <run_address>0x200142f0</run_address>
         <size>0x4c</size>
         <input_file_ref idref="fl-155"/>
      </object_component>
      <object_component id="oc-bb">
         <name>.text</name>
         <load_address>0x2001433c</load_address>
         <run_address>0x2001433c</run_address>
         <size>0x4c</size>
         <input_file_ref idref="fl-157"/>
      </object_component>
      <object_component id="oc-7ed">
         <name>.text:uDMAChannelAssign</name>
         <load_address>0x20014388</load_address>
         <run_address>0x20014388</run_address>
         <size>0x4c</size>
         <input_file_ref idref="fl-188"/>
      </object_component>
      <object_component id="oc-46e">
         <name>.text</name>
         <load_address>0x200143d4</load_address>
         <run_address>0x200143d4</run_address>
         <size>0x4a</size>
         <input_file_ref idref="fl-13f"/>
      </object_component>
      <object_component id="oc-809">
         <name>.text:SPIIntClear</name>
         <load_address>0x20014420</load_address>
         <run_address>0x20014420</run_address>
         <size>0x48</size>
         <input_file_ref idref="fl-185"/>
      </object_component>
      <object_component id="oc-4fb">
         <name>.text:_SlDrvBasicCmd</name>
         <load_address>0x20014468</load_address>
         <run_address>0x20014468</run_address>
         <size>0x48</size>
         <input_file_ref idref="fl-175"/>
      </object_component>
      <object_component id="oc-6f2">
         <name>.text</name>
         <load_address>0x200144b0</load_address>
         <run_address>0x200144b0</run_address>
         <size>0x48</size>
         <input_file_ref idref="fl-15a"/>
      </object_component>
      <object_component id="oc-247">
         <name>.text:sl_NetAppMDNSUnRegisterService</name>
         <load_address>0x200144f8</load_address>
         <run_address>0x200144f8</run_address>
         <size>0x48</size>
         <input_file_ref idref="fl-176"/>
      </object_component>
      <object_component id="oc-708">
         <name>.text</name>
         <load_address>0x20014540</load_address>
         <run_address>0x20014540</run_address>
         <size>0x46</size>
         <input_file_ref idref="fl-15d"/>
      </object_component>
      <object_component id="oc-7fd">
         <name>.text:SPIDmaMaskGet</name>
         <load_address>0x20014588</load_address>
         <run_address>0x20014588</run_address>
         <size>0x44</size>
         <input_file_ref idref="fl-185"/>
      </object_component>
      <object_component id="oc-33b">
         <name>.text:TimerConfigure</name>
         <load_address>0x200145cc</load_address>
         <run_address>0x200145cc</run_address>
         <size>0x44</size>
         <input_file_ref idref="fl-186"/>
      </object_component>
      <object_component id="oc-a34">
         <name>.text:_SlDrvHandleHttpServerEvents</name>
         <load_address>0x20014610</load_address>
         <run_address>0x20014610</run_address>
         <size>0x44</size>
         <input_file_ref idref="fl-175"/>
      </object_component>
      <object_component id="oc-921">
         <name>.text:cc_SetupTransfer</name>
         <load_address>0x20014654</load_address>
         <run_address>0x20014654</run_address>
         <size>0x44</size>
         <input_file_ref idref="fl-17a"/>
      </object_component>
      <object_component id="oc-78">
         <name>.text</name>
         <load_address>0x20014698</load_address>
         <run_address>0x20014698</run_address>
         <size>0x44</size>
         <input_file_ref idref="fl-13b"/>
      </object_component>
      <object_component id="oc-776">
         <name>.text:sl_Close</name>
         <load_address>0x200146dc</load_address>
         <run_address>0x200146dc</run_address>
         <size>0x44</size>
         <input_file_ref idref="fl-178"/>
      </object_component>
      <object_component id="oc-22f">
         <name>.text:sl_WlanProfileDel</name>
         <load_address>0x20014720</load_address>
         <run_address>0x20014720</run_address>
         <size>0x44</size>
         <input_file_ref idref="fl-179"/>
      </object_component>
      <object_component id="oc-21d">
         <name>.text:sl_WlanSetMode</name>
         <load_address>0x20014764</load_address>
         <run_address>0x20014764</run_address>
         <size>0x44</size>
         <input_file_ref idref="fl-179"/>
      </object_component>
      <object_component id="oc-78e">
         <name>.text:sl_Htonl</name>
         <load_address>0x200147a8</load_address>
         <run_address>0x200147a8</run_address>
         <size>0x42</size>
         <input_file_ref idref="fl-178"/>
      </object_component>
      <object_component id="oc-627">
         <name>.text:PinModeSet</name>
         <load_address>0x200147ec</load_address>
         <run_address>0x200147ec</run_address>
         <size>0x40</size>
         <input_file_ref idref="fl-183"/>
      </object_component>
      <object_component id="oc-874">
         <name>.text:_SlDrvHandleNetAppEvents</name>
         <load_address>0x2001482c</load_address>
         <run_address>0x2001482c</run_address>
         <size>0x40</size>
         <input_file_ref idref="fl-175"/>
      </object_component>
      <object_component id="oc-86e">
         <name>.text:_SlDrvHandleWlanEvents</name>
         <load_address>0x2001486c</load_address>
         <run_address>0x2001486c</run_address>
         <size>0x40</size>
         <input_file_ref idref="fl-175"/>
      </object_component>
      <object_component id="oc-4c1">
         <name>.text:_SlDrvSyncObjWaitTimeout</name>
         <load_address>0x200148ac</load_address>
         <run_address>0x200148ac</run_address>
         <size>0x40</size>
         <input_file_ref idref="fl-175"/>
      </object_component>
      <object_component id="oc-8cf">
         <name>.text:_sl_TruncatePayloadByProtocol</name>
         <load_address>0x200148ec</load_address>
         <run_address>0x200148ec</run_address>
         <size>0x40</size>
         <input_file_ref idref="fl-178"/>
      </object_component>
      <object_component id="oc-a1c">
         <name>.text</name>
         <load_address>0x2001492c</load_address>
         <run_address>0x2001492c</run_address>
         <size>0x40</size>
         <input_file_ref idref="fl-16b"/>
      </object_component>
      <object_component id="oc-77c">
         <name>.text</name>
         <load_address>0x2001496c</load_address>
         <run_address>0x2001496c</run_address>
         <size>0x40</size>
         <input_file_ref idref="fl-14f"/>
      </object_component>
      <object_component id="oc-9ee">
         <name>.text:CopyPingResultsToReport</name>
         <load_address>0x200149ac</load_address>
         <run_address>0x200149ac</run_address>
         <size>0x3c</size>
         <input_file_ref idref="fl-176"/>
      </object_component>
      <object_component id="oc-32f">
         <name>.text:PRCMPeripheralClkEnable</name>
         <load_address>0x200149e8</load_address>
         <run_address>0x200149e8</run_address>
         <size>0x3c</size>
         <input_file_ref idref="fl-184"/>
      </object_component>
      <object_component id="oc-24">
         <name>.text</name>
         <load_address>0x20014a24</load_address>
         <run_address>0x20014a24</run_address>
         <size>0x3c</size>
         <input_file_ref idref="fl-137"/>
      </object_component>
      <object_component id="oc-782">
         <name>.text:sl_Htons</name>
         <load_address>0x20014a60</load_address>
         <run_address>0x20014a60</run_address>
         <size>0x3c</size>
         <input_file_ref idref="fl-178"/>
      </object_component>
      <object_component id="oc-9ba">
         <name>.text:uDMAChannelControlSet</name>
         <load_address>0x20014a9c</load_address>
         <run_address>0x20014a9c</run_address>
         <size>0x3c</size>
         <input_file_ref idref="fl-188"/>
      </object_component>
      <object_component id="oc-459">
         <name>.text:ADCChannelDisable</name>
         <load_address>0x20014ad8</load_address>
         <run_address>0x20014ad8</run_address>
         <size>0x38</size>
         <input_file_ref idref="fl-180"/>
      </object_component>
      <object_component id="oc-447">
         <name>.text:ADCChannelEnable</name>
         <load_address>0x20014b10</load_address>
         <run_address>0x20014b10</run_address>
         <size>0x38</size>
         <input_file_ref idref="fl-180"/>
      </object_component>
      <object_component id="oc-4af">
         <name>.text:NwpPowerOff</name>
         <load_address>0x20014b48</load_address>
         <run_address>0x20014b48</run_address>
         <size>0x38</size>
         <input_file_ref idref="fl-17a"/>
      </object_component>
      <object_component id="oc-f8">
         <name>.text</name>
         <load_address>0x20014b80</load_address>
         <run_address>0x20014b80</run_address>
         <size>0x38</size>
         <input_file_ref idref="fl-172"/>
      </object_component>
      <object_component id="oc-1d2">
         <name>.text</name>
         <load_address>0x20014bb8</load_address>
         <run_address>0x20014bb8</run_address>
         <size>0x38</size>
         <input_file_ref idref="fl-141"/>
      </object_component>
      <object_component id="oc-1bc">
         <name>.text</name>
         <load_address>0x20014bf0</load_address>
         <run_address>0x20014bf0</run_address>
         <size>0x38</size>
         <input_file_ref idref="fl-142"/>
      </object_component>
      <object_component id="oc-420">
         <name>.text:GPIODirModeSet</name>
         <load_address>0x20014c28</load_address>
         <run_address>0x20014c28</run_address>
         <size>0x36</size>
         <input_file_ref idref="fl-181"/>
      </object_component>
      <object_component id="oc-653">
         <name>.text:PRCMPeripheralStatusGet</name>
         <load_address>0x20014c60</load_address>
         <run_address>0x20014c60</run_address>
         <size>0x34</size>
         <input_file_ref idref="fl-184"/>
      </object_component>
      <object_component id="oc-66b">
         <name>.text:SPIFIFOLevelSet</name>
         <load_address>0x20014c94</load_address>
         <run_address>0x20014c94</run_address>
         <size>0x34</size>
         <input_file_ref idref="fl-185"/>
      </object_component>
      <object_component id="oc-90c">
         <name>.text</name>
         <load_address>0x20014cc8</load_address>
         <run_address>0x20014cc8</run_address>
         <size>0x34</size>
         <input_file_ref idref="fl-169"/>
      </object_component>
      <object_component id="oc-47f">
         <name>.text:PinTypeGPIO</name>
         <load_address>0x20014cfc</load_address>
         <run_address>0x20014cfc</run_address>
         <size>0x30</size>
         <input_file_ref idref="fl-183"/>
      </object_component>
      <object_component id="oc-548">
         <name>.text:UARTDisable</name>
         <load_address>0x20014d2c</load_address>
         <run_address>0x20014d2c</run_address>
         <size>0x30</size>
         <input_file_ref idref="fl-187"/>
      </object_component>
      <object_component id="oc-130">
         <name>.text</name>
         <load_address>0x20014d5c</load_address>
         <run_address>0x20014d5c</run_address>
         <size>0x30</size>
         <input_file_ref idref="fl-14e"/>
      </object_component>
      <object_component id="oc-837">
         <name>.text</name>
         <load_address>0x20014d8c</load_address>
         <run_address>0x20014d8c</run_address>
         <size>0x30</size>
         <input_file_ref idref="fl-166"/>
      </object_component>
      <object_component id="oc-6fd">
         <name>.text</name>
         <load_address>0x20014dbc</load_address>
         <run_address>0x20014dbc</run_address>
         <size>0x2e</size>
         <input_file_ref idref="fl-15c"/>
      </object_component>
      <object_component id="oc-9ac">
         <name>.text</name>
         <load_address>0x20014dea</load_address>
         <run_address>0x20014dea</run_address>
         <size>0x2e</size>
         <input_file_ref idref="fl-16a"/>
      </object_component>
      <object_component id="oc-683">
         <name>.text:DmaSpiSwIntHandler</name>
         <load_address>0x20014e18</load_address>
         <run_address>0x20014e18</run_address>
         <size>0x2c</size>
         <input_file_ref idref="fl-17a"/>
      </object_component>
      <object_component id="oc-37f">
         <name>.text:PRCMSysResetCauseGet</name>
         <load_address>0x20014e44</load_address>
         <run_address>0x20014e44</run_address>
         <size>0x2c</size>
         <input_file_ref idref="fl-184"/>
      </object_component>
      <object_component id="oc-34d">
         <name>.text:TimerLoadSet</name>
         <load_address>0x20014e70</load_address>
         <run_address>0x20014e70</run_address>
         <size>0x2a</size>
         <input_file_ref idref="fl-186"/>
      </object_component>
      <object_component id="oc-341">
         <name>.text:TimerPrescaleSet</name>
         <load_address>0x20014e9a</load_address>
         <run_address>0x20014e9a</run_address>
         <size>0x2a</size>
         <input_file_ref idref="fl-186"/>
      </object_component>
      <object_component id="oc-8a7">
         <name>.text</name>
         <load_address>0x20014ec4</load_address>
         <run_address>0x20014ec4</run_address>
         <size>0x2a</size>
         <input_file_ref idref="fl-161"/>
      </object_component>
      <object_component id="oc-70e">
         <name>.text</name>
         <load_address>0x20014eee</load_address>
         <run_address>0x20014eee</run_address>
         <size>0x2a</size>
         <input_file_ref idref="fl-163"/>
      </object_component>
      <object_component id="oc-96f">
         <name>.text:IsRTCUsed</name>
         <load_address>0x20014f18</load_address>
         <run_address>0x20014f18</run_address>
         <size>0x28</size>
         <input_file_ref idref="fl-184"/>
      </object_component>
      <object_component id="oc-391">
         <name>.text:PRCMPeripheralClkDisable</name>
         <load_address>0x20014f40</load_address>
         <run_address>0x20014f40</run_address>
         <size>0x28</size>
         <input_file_ref idref="fl-184"/>
      </object_component>
      <object_component id="oc-7c4">
         <name>.text:SL_FD_ISSET</name>
         <load_address>0x20014f68</load_address>
         <run_address>0x20014f68</run_address>
         <size>0x28</size>
         <input_file_ref idref="fl-178"/>
      </object_component>
      <object_component id="oc-5a9">
         <name>.text:_SlDrvObjGlobalLockWaitForever</name>
         <load_address>0x20014f90</load_address>
         <run_address>0x20014f90</run_address>
         <size>0x28</size>
         <input_file_ref idref="fl-175"/>
      </object_component>
      <object_component id="oc-524">
         <name>.text:_SlDrvProtectionObjLockWaitForever</name>
         <load_address>0x20014fb8</load_address>
         <run_address>0x20014fb8</run_address>
         <size>0x28</size>
         <input_file_ref idref="fl-175"/>
      </object_component>
      <object_component id="oc-4b5">
         <name>.text:NwpRegisterInterruptHandler</name>
         <load_address>0x20014fe0</load_address>
         <run_address>0x20014fe0</run_address>
         <size>0x26</size>
         <input_file_ref idref="fl-17a"/>
      </object_component>
      <object_component id="oc-6b2">
         <name>.text</name>
         <load_address>0x20015006</load_address>
         <run_address>0x20015006</run_address>
         <size>0x26</size>
         <input_file_ref idref="fl-6"/>
      </object_component>
      <object_component id="oc-136">
         <name>.text</name>
         <load_address>0x2001502c</load_address>
         <run_address>0x2001502c</run_address>
         <size>0x26</size>
         <input_file_ref idref="fl-14d"/>
      </object_component>
      <object_component id="oc-2fd">
         <name>.text:IntUnregister</name>
         <load_address>0x20015054</load_address>
         <run_address>0x20015054</run_address>
         <size>0x24</size>
         <input_file_ref idref="fl-182"/>
      </object_component>
      <object_component id="oc-97b">
         <name>.text:RTCU16MSecRegRead</name>
         <load_address>0x20015078</load_address>
         <run_address>0x20015078</run_address>
         <size>0x24</size>
         <input_file_ref idref="fl-184"/>
      </object_component>
      <object_component id="oc-968">
         <name>.text:RTCUseSet</name>
         <load_address>0x2001509c</load_address>
         <run_address>0x2001509c</run_address>
         <size>0x24</size>
         <input_file_ref idref="fl-184"/>
      </object_component>
      <object_component id="oc-54e">
         <name>.text:UARTEnable</name>
         <load_address>0x200150c0</load_address>
         <run_address>0x200150c0</run_address>
         <size>0x24</size>
         <input_file_ref idref="fl-187"/>
      </object_component>
      <object_component id="oc-5af">
         <name>.text:_SlDrvGlobalObjUnLock</name>
         <load_address>0x200150e4</load_address>
         <run_address>0x200150e4</run_address>
         <size>0x24</size>
         <input_file_ref idref="fl-175"/>
      </object_component>
      <object_component id="oc-52a">
         <name>.text:_SlDrvProtectionObjUnLock</name>
         <load_address>0x20015108</load_address>
         <run_address>0x20015108</run_address>
         <size>0x24</size>
         <input_file_ref idref="fl-175"/>
      </object_component>
      <object_component id="oc-530">
         <name>.text:_SlDrvSyncObjWaitForever</name>
         <load_address>0x2001512c</load_address>
         <run_address>0x2001512c</run_address>
         <size>0x24</size>
         <input_file_ref idref="fl-175"/>
      </object_component>
      <object_component id="oc-2d0">
         <name>.text</name>
         <load_address>0x20015150</load_address>
         <run_address>0x20015150</run_address>
         <size>0x24</size>
         <input_file_ref idref="fl-144"/>
      </object_component>
      <object_component id="oc-8ad">
         <name>.text</name>
         <load_address>0x20015174</load_address>
         <run_address>0x20015174</run_address>
         <size>0x24</size>
         <input_file_ref idref="fl-160"/>
      </object_component>
      <object_component id="oc-426">
         <name>.text</name>
         <load_address>0x20015198</load_address>
         <run_address>0x20015198</run_address>
         <size>0x24</size>
         <input_file_ref idref="fl-150"/>
      </object_component>
      <object_component id="oc-435">
         <name>.text:ADCTimerConfig</name>
         <load_address>0x200151bc</load_address>
         <run_address>0x200151bc</run_address>
         <size>0x22</size>
         <input_file_ref idref="fl-180"/>
      </object_component>
      <object_component id="oc-3d3">
         <name>.text:GPIOIntStatus</name>
         <load_address>0x200151de</load_address>
         <run_address>0x200151de</run_address>
         <size>0x22</size>
         <input_file_ref idref="fl-181"/>
      </object_component>
      <object_component id="oc-7b8">
         <name>.text:SL_FD_SET</name>
         <load_address>0x20015200</load_address>
         <run_address>0x20015200</run_address>
         <size>0x22</size>
         <input_file_ref idref="fl-178"/>
      </object_component>
      <object_component id="oc-647">
         <name>.text:SPIReset</name>
         <load_address>0x20015222</load_address>
         <run_address>0x20015222</run_address>
         <size>0x22</size>
         <input_file_ref idref="fl-185"/>
      </object_component>
      <object_component id="oc-85b">
         <name>.text:SPIWordCountSet</name>
         <load_address>0x20015244</load_address>
         <run_address>0x20015244</run_address>
         <size>0x22</size>
         <input_file_ref idref="fl-185"/>
      </object_component>
      <object_component id="oc-98c">
         <name>.text:_SlDrvObjLockWaitForever</name>
         <load_address>0x20015266</load_address>
         <run_address>0x20015266</run_address>
         <size>0x22</size>
         <input_file_ref idref="fl-175"/>
      </object_component>
      <object_component id="oc-702">
         <name>.text</name>
         <load_address>0x20015288</load_address>
         <run_address>0x20015288</run_address>
         <size>0x22</size>
         <input_file_ref idref="fl-15b"/>
      </object_component>
      <object_component id="oc-154">
         <name>.text:GPIOPinWrite</name>
         <load_address>0x200152aa</load_address>
         <run_address>0x200152aa</run_address>
         <size>0x20</size>
         <input_file_ref idref="fl-181"/>
      </object_component>
      <object_component id="oc-2eb">
         <name>.text:IntRegister</name>
         <load_address>0x200152cc</load_address>
         <run_address>0x200152cc</run_address>
         <size>0x20</size>
         <input_file_ref idref="fl-182"/>
      </object_component>
      <object_component id="oc-4bb">
         <name>.text:NwpPowerOn</name>
         <load_address>0x200152ec</load_address>
         <run_address>0x200152ec</run_address>
         <size>0x20</size>
         <input_file_ref idref="fl-17a"/>
      </object_component>
      <object_component id="oc-79a">
         <name>.text</name>
         <load_address>0x2001530c</load_address>
         <run_address>0x2001530c</run_address>
         <size>0x20</size>
         <input_file_ref idref="fl-17d"/>
      </object_component>
      <object_component id="oc-235">
         <name>.text:sl_WlanDisconnect</name>
         <load_address>0x2001532c</load_address>
         <run_address>0x2001532c</run_address>
         <size>0x20</size>
         <input_file_ref idref="fl-179"/>
      </object_component>
      <object_component id="oc-359">
         <name>.text:TimerDisable</name>
         <load_address>0x2001534c</load_address>
         <run_address>0x2001534c</run_address>
         <size>0x1e</size>
         <input_file_ref idref="fl-186"/>
      </object_component>
      <object_component id="oc-353">
         <name>.text:TimerEnable</name>
         <load_address>0x2001536a</load_address>
         <run_address>0x2001536a</run_address>
         <size>0x1e</size>
         <input_file_ref idref="fl-186"/>
      </object_component>
      <object_component id="oc-160">
         <name>.text:TimerIntStatus</name>
         <load_address>0x20015388</load_address>
         <run_address>0x20015388</run_address>
         <size>0x1e</size>
         <input_file_ref idref="fl-186"/>
      </object_component>
      <object_component id="oc-2b8">
         <name>.text:UARTCharPut</name>
         <load_address>0x200153a6</load_address>
         <run_address>0x200153a6</run_address>
         <size>0x1e</size>
         <input_file_ref idref="fl-187"/>
      </object_component>
      <object_component id="oc-992">
         <name>.text:_SlDrvObjUnLock</name>
         <load_address>0x200153c4</load_address>
         <run_address>0x200153c4</run_address>
         <size>0x1e</size>
         <input_file_ref idref="fl-175"/>
      </object_component>
      <object_component id="oc-6aa">
         <name>.text:_SlDrvSyncObjSignal</name>
         <load_address>0x200153e2</load_address>
         <run_address>0x200153e2</run_address>
         <size>0x1e</size>
         <input_file_ref idref="fl-175"/>
      </object_component>
      <object_component id="oc-659">
         <name>.text:cc_UDMAChannelSelect</name>
         <load_address>0x20015400</load_address>
         <run_address>0x20015400</run_address>
         <size>0x1e</size>
         <input_file_ref idref="fl-17a"/>
      </object_component>
      <object_component id="oc-44d">
         <name>.text:ADCFIFOLvlGet</name>
         <load_address>0x2001541e</load_address>
         <run_address>0x2001541e</run_address>
         <size>0x1c</size>
         <input_file_ref idref="fl-180"/>
      </object_component>
      <object_component id="oc-36b">
         <name>.text:TimerValueGet</name>
         <load_address>0x2001543a</load_address>
         <run_address>0x2001543a</run_address>
         <size>0x1c</size>
         <input_file_ref idref="fl-186"/>
      </object_component>
[...]
      </symbol>
      <symbol id="sm-19aa">
         <name>mqtt_client_net_svc_register</name>
         <value>0x20006675</value>
         <object_component_ref idref="oc-3ea"/>
      </symbol>
      <symbol id="sm-19ab">
         <name>mqtt_client_ctx_run</name>
         <value>0x200060cf</value>
         <object_component_ref idref="oc-3ea"/>
      </symbol>
      <symbol id="sm-19ac">
         <name>mqtt_client_ctx_will_register</name>
         <value>0x2000656d</value>
         <object_component_ref idref="oc-3ea"/>
      </symbol>
      <symbol id="sm-19ad">
         <name>mqtt_connect_msg_send</name>
         <value>0x20005045</value>
         <object_component_ref idref="oc-3ea"/>
      </symbol>
      <symbol id="sm-19ae">
         <name>mqtt_sub_dispatch</name>
         <value>0x2000546b</value>
         <object_component_ref idref="oc-3ea"/>
      </symbol>
      <symbol id="sm-19af">
         <name>mqtt_client_is_connected</name>
         <value>0x20004a49</value>
         <object_component_ref idref="oc-3ea"/>
      </symbol>
      <symbol id="sm-19b0">
         <name>mqtt_pingreq_send</name>
         <value>0x20005553</value>
         <object_component_ref idref="oc-3ea"/>
      </symbol>
      <symbol id="sm-19b1">
         <name>mqtt_client_ctx_create</name>
         <value>0x20006771</value>
         <object_component_ref idref="oc-3ea"/>
      </symbol>
      <symbol id="sm-19b2">
         <name>mqtt_client_send_progress</name>
         <value>0x20004c05</value>
         <object_component_ref idref="oc-3ea"/>
      </symbol>
      <symbol id="sm-19b3">
         <name>mqtt_sub_msg_send</name>
         <value>0x20005455</value>
         <object_component_ref idref="oc-3ea"/>
      </symbol>
      <symbol id="sm-19b4">
         <name>mqtt_client_new_msg_id</name>
         <value>0x20004a41</value>
         <object_component_ref idref="oc-3ea"/>
      </symbol>
      <symbol id="sm-19b5">
         <name>mqtt_client_run</name>
         <value>0x200063f1</value>
         <object_component_ref idref="oc-3ea"/>
      </symbol>
      <symbol id="sm-19b6">
         <name>mqtt_client_lib_exit</name>
         <value>0x20006905</value>
         <object_component_ref idref="oc-3ea"/>
      </symbol>
      <symbol id="sm-19b7">
         <name>mqtt_client_buffers_register</name>
         <value>0x200064e9</value>
         <object_component_ref idref="oc-3ea"/>
      </symbol>
      <symbol id="sm-1a3b">
         <name>mqp_free</name>
         <value>0x2000c78b</value>
         <object_component_ref idref="oc-5dd"/>
      </symbol>
      <symbol id="sm-1a3c">
         <name>qos2_pub_cq_unlog</name>
         <value>0x2000ced7</value>
         <object_component_ref idref="oc-5dd"/>
      </symbol>
      <symbol id="sm-1a3d">
         <name>mqp_ack_wlist_append</name>
         <value>0x2000cb89</value>
         <object_component_ref idref="oc-5dd"/>
      </symbol>
      <symbol id="sm-1a3e">
         <name>cl_ctx_remove</name>
         <value>0x2000d02b</value>
         <object_component_ref idref="oc-5dd"/>
      </symbol>
      <symbol id="sm-1a3f">
         <name>mqp_init</name>
         <value>0x2000c7d7</value>
         <object_component_ref idref="oc-5dd"/>
      </symbol>
      <symbol id="sm-1a40">
         <name>mqp_pub_append_data</name>
         <value>0x2000c9d5</value>
         <object_component_ref idref="oc-5dd"/>
      </symbol>
      <symbol id="sm-1a41">
         <name>secure_conn_struct_init</name>
         <value>0x2000cc61</value>
         <object_component_ref idref="oc-5dd"/>
      </symbol>
      <symbol id="sm-1a42">
         <name>mqp_ack_wlist_remove</name>
         <value>0x2000cbbf</value>
         <object_component_ref idref="oc-5dd"/>
      </symbol>
      <symbol id="sm-1a43">
         <name>mqp_buf_wr_utf8</name>
         <value>0x2000c831</value>
         <object_component_ref idref="oc-5dd"/>
      </symbol>
      <symbol id="sm-1a44">
         <name>qos2_pub_cq_reset</name>
         <value>0x2000ce77</value>
         <object_component_ref idref="oc-5dd"/>
      </symbol>
      <symbol id="sm-1a45">
         <name>cl_ctx_timeout_insert</name>
         <value>0x2000cfbb</value>
         <object_component_ref idref="oc-5dd"/>
      </symbol>
      <symbol id="sm-1a46">
         <name>mqp_buf_rd_remlen</name>
         <value>0x2000c913</value>
         <object_component_ref idref="oc-5dd"/>
      </symbol>
      <symbol id="sm-1a47">
         <name>mqp_prep_fh</name>
         <value>0x2000cc81</value>
         <object_component_ref idref="oc-5dd"/>
      </symbol>
      <symbol id="sm-1a48">
         <name>mqp_reset</name>
         <value>0x2000c7cb</value>
         <object_component_ref idref="oc-5dd"/>
      </symbol>
      <symbol id="sm-1a49">
         <name>mqp_ack_wlist_purge</name>
         <value>0x2000cc2f</value>
         <object_component_ref idref="oc-5dd"/>
      </symbol>
      <symbol id="sm-1a4a">
         <name>mqp_buf_tail_wr_remlen</name>
         <value>0x2000c8a3</value>
         <object_component_ref idref="oc-5dd"/>
      </symbol>
      <symbol id="sm-1a4b">
         <name>mqp_proc_pub_rx</name>
         <value>0x2000cae7</value>
         <object_component_ref idref="oc-5dd"/>
      </symbol>
      <symbol id="sm-1a4c">
         <name>mqp_recv</name>
         <value>0x2000ccf7</value>
         <object_component_ref idref="oc-5dd"/>
      </symbol>
      <symbol id="sm-1a4d">
         <name>cl_ctx_timeout_update</name>
         <value>0x2000d081</value>
         <object_component_ref idref="oc-5dd"/>
      </symbol>
      <symbol id="sm-1a4e">
         <name>mqp_pub_append_topic</name>
         <value>0x2000c923</value>
         <object_component_ref idref="oc-5dd"/>
      </symbol>
      <symbol id="sm-1a4f">
         <name>mqp_proc_msg_id_ack_rx</name>
         <value>0x2000cab1</value>
         <object_component_ref idref="oc-5dd"/>
      </symbol>
      <symbol id="sm-1a50">
         <name>mqp_proc_vh_msg_id_rx</name>
         <value>0x2000caa5</value>
         <object_component_ref idref="oc-5dd"/>
      </symbol>
      <symbol id="sm-1a51">
         <name>qos2_pub_cq_logup</name>
         <value>0x2000ce99</value>
         <object_component_ref idref="oc-5dd"/>
      </symbol>
      <symbol id="sm-1a52">
         <name>cl_ctx_reset</name>
         <value>0x2000cf8b</value>
         <object_component_ref idref="oc-5dd"/>
      </symbol>
      <symbol id="sm-1a53">
         <name>qos2_pub_cq_check</name>
         <value>0x2000cf1b</value>
         <object_component_ref idref="oc-5dd"/>
      </symbol>
      <symbol id="sm-1a95">
         <name>ADCChannelDisable</name>
         <value>0x20014ad9</value>
         <object_component_ref idref="oc-459"/>
      </symbol>
      <symbol id="sm-1a96">
         <name>ADCFIFOLvlGet</name>
         <value>0x2001541f</value>
         <object_component_ref idref="oc-44d"/>
      </symbol>
      <symbol id="sm-1a97">
         <name>ADCChannelEnable</name>
         <value>0x20014b11</value>
         <object_component_ref idref="oc-447"/>
      </symbol>
      <symbol id="sm-1a98">
         <name>ADCTimerEnable</name>
         <value>0x20015685</value>
         <object_component_ref idref="oc-43b"/>
      </symbol>
      <symbol id="sm-1a99">
         <name>ADCTimerConfig</name>
         <value>0x200151bd</value>
         <object_component_ref idref="oc-435"/>
      </symbol>
      <symbol id="sm-1a9a">
         <name>ADCEnable</name>
         <value>0x200156f3</value>
         <object_component_ref idref="oc-441"/>
      </symbol>
      <symbol id="sm-1a9b">
         <name>ADCFIFORead</name>
         <value>0x20015563</value>
         <object_component_ref idref="oc-453"/>
      </symbol>
      <symbol id="sm-1ae7">
         <name>GPIOIntDisable</name>
         <value>0x200154ad</value>
         <object_component_ref idref="oc-3df"/>
      </symbol>
      <symbol id="sm-1ae8">
         <name>GPIOIntEnable</name>
         <value>0x200154c7</value>
         <object_component_ref idref="oc-320"/>
      </symbol>
      <symbol id="sm-1ae9">
         <name>GPIOIntTypeSet</name>
         <value>0x200133c5</value>
         <object_component_ref idref="oc-314"/>
      </symbol>
      <symbol id="sm-1aea">
         <name>GPIOIntClear</name>
         <value>0x2001571b</value>
         <object_component_ref idref="oc-31a"/>
      </symbol>
      <symbol id="sm-1aeb">
         <name>GPIOIntStatus</name>
         <value>0x200151df</value>
         <object_component_ref idref="oc-3d3"/>
      </symbol>
      <symbol id="sm-1aec">
         <name>GPIOPinRead</name>
         <value>0x2001557b</value>
         <object_component_ref idref="oc-1c6"/>
      </symbol>
      <symbol id="sm-1aed">
         <name>GPIODirModeSet</name>
         <value>0x20014c29</value>
         <object_component_ref idref="oc-420"/>
      </symbol>
      <symbol id="sm-1aee">
         <name>GPIOPinWrite</name>
         <value>0x200152ab</value>
         <object_component_ref idref="oc-154"/>
      </symbol>
      <symbol id="sm-1b74">
         <name>IntPendClear</name>
         <value>0x20013f1d</value>
         <object_component_ref idref="oc-3d9"/>
      </symbol>
      <symbol id="sm-1b75">
         <name>IntPrioritySet</name>
         <value>0x20014025</value>
         <object_component_ref idref="oc-2f1"/>
      </symbol>
      <symbol id="sm-1b76">
         <name>IntVTableBaseSet</name>
         <value>0x20015731</value>
         <object_component_ref idref="oc-178"/>
      </symbol>
      <symbol id="sm-1b77">
         <name>IntEnable</name>
         <value>0x20012a0d</value>
         <object_component_ref idref="oc-184"/>
      </symbol>
      <symbol id="sm-1b78">
         <name>IntDisable</name>
         <value>0x20012965</value>
         <object_component_ref idref="oc-2f7"/>
      </symbol>
      <symbol id="sm-1b79">
         <name>IntRegister</name>
         <value>0x200152cd</value>
         <object_component_ref idref="oc-2eb"/>
      </symbol>
      <symbol id="sm-1b7a">
         <name>IntUnregister</name>
         <value>0x20015055</value>
         <object_component_ref idref="oc-2fd"/>
      </symbol>
      <symbol id="sm-1b7b">
         <name>IntMasterEnable</name>
         <value>0x20015829</value>
         <object_component_ref idref="oc-17e"/>
      </symbol>
      <symbol id="sm-1bba">
         <name>PinTypeUART</name>
         <value>0x200154e1</value>
         <object_component_ref idref="oc-485"/>
      </symbol>
      <symbol id="sm-1bbb">
         <name>PinTypeADC</name>
         <value>0x20015745</value>
         <object_component_ref idref="oc-42f"/>
      </symbol>
      <symbol id="sm-1bbc">
         <name>PinTypeGPIO</name>
         <value>0x20014cfd</value>
         <object_component_ref idref="oc-47f"/>
      </symbol>
      <symbol id="sm-1bbd">
         <name>PinConfigSet</name>
         <value>0x20013121</value>
         <object_component_ref idref="oc-60f"/>
      </symbol>
      <symbol id="sm-1bbe">
         <name>PinModeSet</name>
         <value>0x200147ed</value>
         <object_component_ref idref="oc-627"/>
      </symbol>
      <symbol id="sm-1c9c">
         <name>PRCMSlowClkCtrGet</name>
         <value>0x200140cd</value>
         <object_component_ref idref="oc-981"/>
      </symbol>
      <symbol id="sm-1c9d">
         <name>PRCMPeripheralReset</name>
         <value>0x20013f75</value>
         <object_component_ref idref="oc-335"/>
      </symbol>
      <symbol id="sm-1c9e">
         <name>PRCMRTCInUseSet</name>
         <value>0x20015833</value>
         <object_component_ref idref="oc-8c2"/>
      </symbol>
      <symbol id="sm-1c9f">
         <name>PRCMPeripheralClkEnable</name>
         <value>0x200149e9</value>
         <object_component_ref idref="oc-32f"/>
      </symbol>
      <symbol id="sm-1ca0">
         <name>PRCMPeripheralClockGet</name>
         <value>0x20012dc9</value>
         <object_component_ref idref="oc-2ac"/>
      </symbol>
      <symbol id="sm-1ca1">
         <name>PRCMCC3200MCUInit</name>
         <value>0x20010401</value>
         <object_component_ref idref="oc-18a"/>
      </symbol>
      <symbol id="sm-1ca2">
         <name>PRCMHIBRegWrite</name>
         <value>0x200156b1</value>
         <object_component_ref idref="oc-38b"/>
      </symbol>
      <symbol id="sm-1ca3">
         <name>PRCMSysResetCauseGet</name>
         <value>0x20014e45</value>
         <object_component_ref idref="oc-37f"/>
      </symbol>
      <symbol id="sm-1ca4">
         <name>PRCMRTCGet</name>
         <value>0x20013649</value>
         <object_component_ref idref="oc-8c8"/>
      </symbol>
      <symbol id="sm-1ca5">
         <name>PRCMPeripheralStatusGet</name>
         <value>0x20014c61</value>
         <object_component_ref idref="oc-653"/>
      </symbol>
      <symbol id="sm-1ca6">
         <name>PRCMPeripheralClkDisable</name>
         <value>0x20014f41</value>
         <object_component_ref idref="oc-391"/>
      </symbol>
      <symbol id="sm-1ca7">
         <name>PRCMHIBRegRead</name>
         <value>0x2001569b</value>
         <object_component_ref idref="oc-385"/>
      </symbol>
      <symbol id="sm-1d43">
         <name>SPIFIFODisable</name>
         <value>0x2001552f</value>
         <object_component_ref idref="oc-6c3"/>
      </symbol>
      <symbol id="sm-1d44">
         <name>SPICSEnable</name>
         <value>0x200155ab</value>
         <object_component_ref idref="oc-855"/>
      </symbol>
      <symbol id="sm-1d45">
         <name>SPIDisable</name>
         <value>0x200155c3</value>
         <object_component_ref idref="oc-641"/>
      </symbol>
      <symbol id="sm-1d46">
         <name>SPIFIFOEnable</name>
         <value>0x20015549</value>
         <object_component_ref idref="oc-65f"/>
      </symbol>
      <symbol id="sm-1d47">
         <name>SPIWordCountSet</name>
         <value>0x20015245</value>
         <object_component_ref idref="oc-85b"/>
      </symbol>
      <symbol id="sm-1d48">
         <name>SPIEnable</name>
         <value>0x200155db</value>
         <object_component_ref idref="oc-677"/>
      </symbol>
      <symbol id="sm-1d49">
         <name>SPIDmaEnable</name>
         <value>0x20015515</value>
         <object_component_ref idref="oc-665"/>
      </symbol>
      <symbol id="sm-1d4a">
         <name>SPIConfigSetExpClk</name>
         <value>0x20012ab5</value>
         <object_component_ref idref="oc-64d"/>
      </symbol>
      <symbol id="sm-1d4b">
         <name>SPIFIFOLevelSet</name>
         <value>0x20014c95</value>
         <object_component_ref idref="oc-66b"/>
      </symbol>
      <symbol id="sm-1d4c">
         <name>SPIDmaDisable</name>
         <value>0x200154fb</value>
         <object_component_ref idref="oc-6c9"/>
      </symbol>
      <symbol id="sm-1d4d">
         <name>SPIReset</name>
         <value>0x20015223</value>
         <object_component_ref idref="oc-647"/>
      </symbol>
      <symbol id="sm-1d4e">
         <name>SPIIntEnable</name>
         <value>0x2001420d</value>
         <object_component_ref idref="oc-671"/>
      </symbol>
      <symbol id="sm-1d4f">
         <name>SPIIntClear</name>
         <value>0x20014421</value>
         <object_component_ref idref="oc-809"/>
      </symbol>
      <symbol id="sm-1d50">
         <name>SPICSDisable</name>
         <value>0x20015593</value>
         <object_component_ref idref="oc-63b"/>
      </symbol>
      <symbol id="sm-1dbf">
         <name>TimerLoadSet</name>
         <value>0x20014e71</value>
         <object_component_ref idref="oc-34d"/>
      </symbol>
      <symbol id="sm-1dc0">
         <name>TimerDisable</name>
         <value>0x2001534d</value>
         <object_component_ref idref="oc-359"/>
      </symbol>
      <symbol id="sm-1dc1">
         <name>TimerEnable</name>
         <value>0x2001536b</value>
         <object_component_ref idref="oc-353"/>
      </symbol>
      <symbol id="sm-1dc2">
         <name>TimerIntUnregister</name>
         <value>0x20013d21</value>
         <object_component_ref idref="oc-365"/>
      </symbol>
      <symbol id="sm-1dc3">
         <name>TimerIntStatus</name>
         <value>0x20015389</value>
         <object_component_ref idref="oc-160"/>
      </symbol>
      <symbol id="sm-1dc4">
         <name>TimerIntDisable</name>
         <value>0x200155f3</value>
         <object_component_ref idref="oc-35f"/>
      </symbol>
      <symbol id="sm-1dc5">
         <name>TimerValueGet</name>
         <value>0x2001543b</value>
         <object_component_ref idref="oc-36b"/>
      </symbol>
      <symbol id="sm-1dc6">
         <name>TimerPrescaleSet</name>
         <value>0x20014e9b</value>
         <object_component_ref idref="oc-341"/>
      </symbol>
      <symbol id="sm-1dc7">
         <name>TimerIntEnable</name>
         <value>0x2001560b</value>
         <object_component_ref idref="oc-347"/>
      </symbol>
      <symbol id="sm-1dc8">
         <name>TimerConfigure</name>
         <value>0x200145cd</value>
         <object_component_ref idref="oc-33b"/>
      </symbol>
      <symbol id="sm-1dc9">
         <name>TimerIntClear</name>
         <value>0x20015795</value>
         <object_component_ref idref="oc-166"/>
      </symbol>
      <symbol id="sm-1e05">
         <name>UARTConfigSetExpClk</name>
         <value>0x20013a1d</value>
         <object_component_ref idref="oc-2b2"/>
      </symbol>
      <symbol id="sm-1e06">
         <name>UARTDisable</name>
         <value>0x20014d2d</value>
         <object_component_ref idref="oc-548"/>
      </symbol>
      <symbol id="sm-1e07">
         <name>UARTCharsAvail</name>
         <value>0x20015623</value>
         <object_component_ref idref="oc-2c4"/>
      </symbol>
      <symbol id="sm-1e08">
         <name>UARTCharGetNonBlocking</name>
         <value>0x20015457</value>
         <object_component_ref idref="oc-2ca"/>
      </symbol>
      <symbol id="sm-1e09">
         <name>UARTCharPut</name>
         <value>0x200153a7</value>
         <object_component_ref idref="oc-2b8"/>
      </symbol>
      <symbol id="sm-1e0a">
         <name>UARTEnable</name>
         <value>0x200150c1</value>
         <object_component_ref idref="oc-54e"/>
      </symbol>
      <symbol id="sm-1e61">
         <name>uDMAChannelControlSet</name>
         <value>0x20014a9d</value>
         <object_component_ref idref="oc-9ba"/>
      </symbol>
      <symbol id="sm-1e62">
         <name>uDMAChannelAttributeEnable</name>
         <value>0x20013eb9</value>
         <object_component_ref idref="oc-9c0"/>
      </symbol>
      <symbol id="sm-1e63">
         <name>uDMAChannelTransferSet</name>
         <value>0x20011d35</value>
         <object_component_ref idref="oc-9c6"/>
      </symbol>
      <symbol id="sm-1e64">
         <name>uDMAChannelAssign</name>
         <value>0x20014389</value>
         <object_component_ref idref="oc-7ed"/>
      </symbol>
      <symbol id="sm-1e65">
         <name>uDMAChannelAttributeDisable</name>
         <value>0x20013e55</value>
         <object_component_ref idref="oc-7f3"/>
      </symbol>
      <symbol id="sm-1e66">
         <name>uDMAChannelEnable</name>
         <value>0x20015491</value>
         <object_component_ref idref="oc-9cc"/>
      </symbol>
      <symbol id="sm-1e6a">
         <name>UtilsDelay</name>
         <value>0x2001583b</value>
         <object_component_ref idref="oc-1a0"/>
      </symbol>
      <symbol id="sm-1e74">
         <name>CPUcpsie</name>
         <value>0x20015707</value>
         <object_component_ref idref="oc-374"/>
      </symbol>
      <symbol id="sm-1e76">
         <name>__TI_static_base__</name>
         <value>0x20015f98</value>
      </symbol>
      <symbol id="sm-1e79">
         <name>SHT$$INIT_ARRAY$$Limit</name>
         <value>0x0</value>
      </symbol>
      <symbol id="sm-1e7a">
         <name>SHT$$INIT_ARRAY$$Base</name>
         <value>0x0</value>
      </symbol>
   </symbol_table>
   <title>Link successful</title>
</link_info>
